#
# There is insufficient memory for the Java Runtime Environment to continue.
# Native memory allocation (malloc) failed to allocate 1048576 bytes. Error detail: AllocateHeap
# Possible reasons:
#   The system is out of physical RAM or swap space
#   This process is running with CompressedOops enabled, and the Java Heap may be blocking the growth of the native heap
# Possible solutions:
#   Reduce memory load on the system
#   Increase physical memory or swap space
#   Check if swap backing store is full
#   Decrease Java heap size (-Xmx/-Xms)
#   Decrease number of Java threads
#   Decrease Java thread stack sizes (-Xss)
#   Set larger code cache with -XX:ReservedCodeCacheSize=
#   JVM is running with Unscaled Compressed Oops mode in which the Java heap is
#     placed in the first 4GB address space. The Java Heap base address is the
#     maximum limit for the native heap growth. Please use -XX:HeapBaseMinAddress
#     to set the Java Heap base and to place the Java Heap above 4GB virtual address.
# This output file may be truncated or incomplete.
#
#  Out of Memory Error (allocation.cpp:44), pid=14072, tid=20396
#
# JRE version:  (21.0.8+9) (build )
# Java VM: OpenJDK 64-Bit Server VM (21.0.8+9-LTS, mixed mode, sharing, tiered, compressed oops, compressed class ptrs, parallel gc, windows-amd64)
# No core dump will be written. Minidumps are not enabled by default on client versions of Windows
#

---------------  S U M M A R Y ------------

Command Line: --add-modules=ALL-SYSTEM --add-opens=java.base/java.util=ALL-UNNAMED --add-opens=java.base/java.lang=ALL-UNNAMED --add-opens=java.base/sun.nio.fs=ALL-UNNAMED -Declipse.application=org.eclipse.jdt.ls.core.id1 -Dosgi.bundles.defaultStartLevel=4 -Declipse.product=org.eclipse.jdt.ls.core.product -Djava.import.generatesMetadataFilesAtProjectRoot=false -DDetectVMInstallationsJob.disabled=true -Dfile.encoding=utf8 -XX:+UseParallelGC -XX:GCTimeRatio=4 -XX:AdaptiveSizePolicyWeight=90 -Dsun.zip.disableMemoryMapping=true -Xmx2G -Xms100m -Xlog:disable -javaagent:c:\Users\Hbiri\.vscode\extensions\redhat.java-1.47.0-win32-x64\lombok\lombok-1.18.39-4050.jar -XX:+HeapDumpOnOutOfMemoryError -XX:HeapDumpPath=c:\Users\Hbiri\AppData\Roaming\Code\User\workspaceStorage\f6281676fb78c021499fb4dd918bc1a3\redhat.java -Daether.dependencyCollector.impl=bf c:\Users\Hbiri\.vscode\extensions\redhat.java-1.47.0-win32-x64\server\plugins\org.eclipse.equinox.launcher_1.7.100.v20251014-1222.jar -configuration c:\Users\Hbiri\AppData\Roaming\Code\User\globalStorage\redhat.java\1.47.0\config_win -data c:\Users\Hbiri\AppData\Roaming\Code\User\workspaceStorage\f6281676fb78c021499fb4dd918bc1a3\redhat.java\jdt_ws --pipe=\\.\pipe\lsp-4bb9656bd52d3089206a9771cf88b149-sock

Host: 11th Gen Intel(R) Core(TM) i7-1165G7 @ 2.80GHz, 8 cores, 15G,  Windows 11 , 64 bit Build 22621 (10.0.22621.5415)
Time: Tue Nov 18 16:17:36 2025 Afr. centrale Ouest elapsed time: 0.044505 seconds (0d 0h 0m 0s)

---------------  T H R E A D  ---------------

Current thread (0x00000244b7849530):  JavaThread "Unknown thread" [_thread_in_vm, id=20396, stack(0x000000b90d100000,0x000000b90d200000) (1024K)]

Stack: [0x000000b90d100000,0x000000b90d200000]
Native frames: (J=compiled Java code, j=interpreted, Vv=VM code, C=native code)
V  [jvm.dll+0x6d2449]
V  [jvm.dll+0x8ae341]
V  [jvm.dll+0x8b08be]
V  [jvm.dll+0x8b0fa3]
V  [jvm.dll+0x280c96]
V  [jvm.dll+0xc0347]
V  [jvm.dll+0x706372]
V  [jvm.dll+0x7070ac]
V  [jvm.dll+0x6e0f43]
V  [jvm.dll+0x877c7c]
V  [jvm.dll+0x3becec]
V  [jvm.dll+0x8606d8]
V  [jvm.dll+0x4530ee]
V  [jvm.dll+0x454d31]
C  [jli.dll+0x5278]
C  [ucrtbase.dll+0x29333]
C  [KERNEL32.DLL+0x1259d]
C  [ntdll.dll+0x5af78]


---------------  P R O C E S S  ---------------

Threads class SMR info:
_java_thread_list=0x00000244b78b3ad0, length=1, elements={
0x00000244b7849530
}

Java Threads: ( => current thread )
=>0x00000244b7849530 JavaThread "Unknown thread"             [_thread_in_vm, id=20396, stack(0x000000b90d100000,0x000000b90d200000) (1024K)]
Total: 1

Other Threads:
  0x00000244b78b4ed0 WatcherThread "VM Periodic Task Thread"        [id=23244, stack(0x000000b90d300000,0x000000b90d400000) (1024K)]
  0x00000244b7867940 WorkerThread "GC Thread#0"                     [id=23232, stack(0x000000b90d200000,0x000000b90d300000) (1024K)]
Total: 2

Threads with active compile tasks:
Total: 0

VM state: not at safepoint (normal execution)

VM Mutex/Monitor currently owned by a thread: None

Heap address: 0x0000000080000000, size: 2048 MB, Compressed Oops mode: 32-bit

CDS archive(s) mapped at: [0x00000244cf000000-0x00000244cfba0000-0x00000244cfba0000), size 12189696, SharedBaseAddress: 0x00000244cf000000, ArchiveRelocationMode: 1.
Compressed class space mapped at: 0x00000244d0000000-0x0000024510000000, reserved size: 1073741824
Narrow klass base: 0x00000244cf000000, Narrow klass shift: 0, Narrow klass range: 0x100000000

GC Precious Log:
 CardTable entry size: 512
 CPUs: 8 total, 8 available
 Memory: 16078M
 Large Page Support: Disabled
 NUMA Support: Disabled
 Compressed Oops: Enabled (32-bit)
 Alignments: Space 512K, Generation 512K, Heap 2M
 Heap Min Capacity: 100M
 Heap Initial Capacity: 100M
 Heap Max Capacity: 2G
 Pre-touch: Disabled
 Parallel Workers: 8

Heap:
 PSYoungGen      total 29696K, used 512K [0x00000000d5580000, 0x00000000d7680000, 0x0000000100000000)
  eden space 25600K, 2% used [0x00000000d5580000,0x00000000d5600020,0x00000000d6e80000)
  from space 4096K, 0% used [0x00000000d7280000,0x00000000d7280000,0x00000000d7680000)
  to   space 4096K, 0% used [0x00000000d6e80000,0x00000000d6e80000,0x00000000d7280000)
 ParOldGen       total 68608K, used 0K [0x0000000080000000, 0x0000000084300000, 0x00000000d5580000)
  object space 68608K, 0% used [0x0000000080000000,0x0000000080000000,0x0000000084300000)
 Metaspace       used 0K, committed 0K, reserved 1048576K
  class space    used 0K, committed 0K, reserved 1048576K

Card table byte_map: [0x00000244b71e0000,0x00000244b75f0000] _byte_map_base: 0x00000244b6de0000

Marking Bits: (ParMarkBitMap*) 0x00007ffc58a0a340
 Begin Bits: [0x00000244c9ce0000, 0x00000244cbce0000)
 End Bits:   [0x00000244cbce0000, 0x00000244cdce0000)

Polling page: 0x00000244b5630000

Metaspace:

Usage:
  Non-class:      0 bytes used.
      Class:      0 bytes used.
       Both:      0 bytes used.

Virtual space:
  Non-class space:        0 bytes reserved,       0 bytes (  ?%) committed,  0 nodes.
      Class space:        1.00 GB reserved,       0 bytes (  0%) committed,  1 nodes.
             Both:        1.00 GB reserved,       0 bytes (  0%) committed. 

Chunk freelists:
   Non-Class:  0 bytes
       Class:  16.00 MB
        Both:  16.00 MB

MaxMetaspaceSize: unlimited
CompressedClassSpaceSize: 1.00 GB
Initial GC threshold: 21.00 MB
Current GC threshold: 17179869184.00 GB
CDS: on
 - commit_granule_bytes: 65536.
 - commit_granule_words: 8192.
 - virtual_space_node_default_size: 8388608.
 - enlarge_chunks_in_place: 1.
 - use_allocation_guard: 0.


Internal statistics:

num_allocs_failed_limit: 0.
num_arena_births: 0.
num_arena_deaths: 0.
num_vsnodes_births: 1.
num_vsnodes_deaths: 0.
num_space_committed: 0.
num_space_uncommitted: 0.
num_chunks_returned_to_freelist: 0.
num_chunks_taken_from_freelist: 1.
num_chunk_merges: 0.
num_chunk_splits: 1.
num_chunks_enlarged: 0.
num_inconsistent_stats: 0.

CodeHeap 'non-profiled nmethods': size=120000Kb used=0Kb max_used=0Kb free=120000Kb
 bounds [0x00000244c2500000, 0x00000244c2770000, 0x00000244c9a30000]
CodeHeap 'profiled nmethods': size=120000Kb used=0Kb max_used=0Kb free=120000Kb
 bounds [0x00000244baa30000, 0x00000244baca0000, 0x00000244c1f60000]
CodeHeap 'non-nmethods': size=5760Kb used=199Kb max_used=348Kb free=5560Kb
 bounds [0x00000244c1f60000, 0x00000244c21d0000, 0x00000244c2500000]
CodeCache: size=245760Kb, used=199Kb, max_used=348Kb, free=245560Kb
 total_blobs=70, nmethods=0, adapters=48, full_count=0
Compilation: enabled, stopped_count=0, restarted_count=0

Compilation events (0 events):
No events

GC Heap History (0 events):
No events

Dll operation events (1 events):
Event: 0.014 Loaded shared library c:\Users\Hbiri\.vscode\extensions\redhat.java-1.47.0-win32-x64\jre\21.0.8-win32-x86_64\bin\java.dll

Deoptimization events (0 events):
No events

Classes loaded (0 events):
No events

Classes unloaded (0 events):
No events

Classes redefined (0 events):
No events

Internal exceptions (0 events):
No events

ZGC Phase Switch (0 events):
No events

VM Operations (0 events):
No events

Memory protections (0 events):
No events

Nmethod flushes (0 events):
No events

Events (1 events):
Event: 0.036 Thread 0x00000244b7849530 Thread added: 0x00000244b7849530


Dynamic libraries:
0x00007ff74e2f0000 - 0x00007ff74e2fe000 	c:\Users\Hbiri\.vscode\extensions\redhat.java-1.47.0-win32-x64\jre\21.0.8-win32-x86_64\bin\java.exe
0x00007ffd63c50000 - 0x00007ffd63e67000 	C:\WINDOWS\SYSTEM32\ntdll.dll
0x00007ffd48340000 - 0x00007ffd48360000 	C:\Program Files\Avast Software\Avast\aswhook.dll
0x00007ffd632e0000 - 0x00007ffd633a4000 	C:\WINDOWS\System32\KERNEL32.DLL
0x00007ffd61150000 - 0x00007ffd61522000 	C:\WINDOWS\System32\KERNELBASE.dll
0x00007ffd61670000 - 0x00007ffd61781000 	C:\WINDOWS\System32\ucrtbase.dll
0x00007ffd17b90000 - 0x00007ffd17bae000 	c:\Users\Hbiri\.vscode\extensions\redhat.java-1.47.0-win32-x64\jre\21.0.8-win32-x86_64\bin\VCRUNTIME140.dll
0x00007ffd17c20000 - 0x00007ffd17c38000 	c:\Users\Hbiri\.vscode\extensions\redhat.java-1.47.0-win32-x64\jre\21.0.8-win32-x86_64\bin\jli.dll
0x00007ffd638f0000 - 0x00007ffd63aa1000 	C:\WINDOWS\System32\USER32.dll
0x00007ffd61120000 - 0x00007ffd61146000 	C:\WINDOWS\System32\win32u.dll
0x00007ffd638c0000 - 0x00007ffd638e9000 	C:\WINDOWS\System32\GDI32.dll
0x00007ffd60e00000 - 0x00007ffd60f23000 	C:\WINDOWS\System32\gdi32full.dll
0x00007ffd61810000 - 0x00007ffd618aa000 	C:\WINDOWS\System32\msvcp_win.dll
0x00007ffd45df0000 - 0x00007ffd4608b000 	C:\WINDOWS\WinSxS\amd64_microsoft.windows.common-controls_6595b64144ccf1df_6.0.22621.5547_none_27104afb73855772\COMCTL32.dll
0x00007ffd62f90000 - 0x00007ffd63037000 	C:\WINDOWS\System32\msvcrt.dll
0x00007ffd63b20000 - 0x00007ffd63b51000 	C:\WINDOWS\System32\IMM32.DLL
0x00007ffd4dc30000 - 0x00007ffd4dc3c000 	c:\Users\Hbiri\.vscode\extensions\redhat.java-1.47.0-win32-x64\jre\21.0.8-win32-x86_64\bin\vcruntime140_1.dll
0x00007ffc93ab0000 - 0x00007ffc93b3d000 	c:\Users\Hbiri\.vscode\extensions\redhat.java-1.47.0-win32-x64\jre\21.0.8-win32-x86_64\bin\msvcp140.dll
0x00007ffc57d50000 - 0x00007ffc58ae7000 	c:\Users\Hbiri\.vscode\extensions\redhat.java-1.47.0-win32-x64\jre\21.0.8-win32-x86_64\bin\server\jvm.dll
0x00007ffd61a10000 - 0x00007ffd61ac1000 	C:\WINDOWS\System32\ADVAPI32.dll
0x00007ffd63b60000 - 0x00007ffd63c08000 	C:\WINDOWS\System32\sechost.dll
0x00007ffd618b0000 - 0x00007ffd618d8000 	C:\WINDOWS\System32\bcrypt.dll
0x00007ffd618e0000 - 0x00007ffd619f4000 	C:\WINDOWS\System32\RPCRT4.dll
0x00007ffd63420000 - 0x00007ffd63491000 	C:\WINDOWS\System32\WS2_32.dll
0x00007ffd5fbc0000 - 0x00007ffd5fc0d000 	C:\WINDOWS\SYSTEM32\POWRPROF.dll
0x00007ffd576a0000 - 0x00007ffd576d4000 	C:\WINDOWS\SYSTEM32\WINMM.dll
0x00007ffd54e50000 - 0x00007ffd54e5a000 	C:\WINDOWS\SYSTEM32\VERSION.dll
0x00007ffd5fba0000 - 0x00007ffd5fbb3000 	C:\WINDOWS\SYSTEM32\UMPDC.dll
0x00007ffd5fe60000 - 0x00007ffd5fe78000 	C:\WINDOWS\SYSTEM32\kernel.appcore.dll
0x00007ffd450f0000 - 0x00007ffd450fa000 	c:\Users\Hbiri\.vscode\extensions\redhat.java-1.47.0-win32-x64\jre\21.0.8-win32-x86_64\bin\jimage.dll
0x00007ffd5e6c0000 - 0x00007ffd5e8f3000 	C:\WINDOWS\SYSTEM32\DBGHELP.DLL
0x00007ffd634a0000 - 0x00007ffd63833000 	C:\WINDOWS\System32\combase.dll
0x00007ffd63040000 - 0x00007ffd63117000 	C:\WINDOWS\System32\OLEAUT32.dll
0x00007ffd53420000 - 0x00007ffd53452000 	C:\WINDOWS\SYSTEM32\dbgcore.DLL
0x00007ffd610a0000 - 0x00007ffd6111b000 	C:\WINDOWS\System32\bcryptPrimitives.dll
0x00007ffd43b30000 - 0x00007ffd43b3f000 	c:\Users\Hbiri\.vscode\extensions\redhat.java-1.47.0-win32-x64\jre\21.0.8-win32-x86_64\bin\instrument.dll
0x00007ffd112c0000 - 0x00007ffd112df000 	c:\Users\Hbiri\.vscode\extensions\redhat.java-1.47.0-win32-x64\jre\21.0.8-win32-x86_64\bin\java.dll

JVMTI agents:
c:\Users\Hbiri\.vscode\extensions\redhat.java-1.47.0-win32-x64\lombok\lombok-1.18.39-4050.jar path:none, loaded, not initialized, instrumentlib options:none

dbghelp: loaded successfully - version: 4.0.5 - missing functions: none
symbol engine: initialized successfully - sym options: 0x614 - pdb path: .;c:\Users\Hbiri\.vscode\extensions\redhat.java-1.47.0-win32-x64\jre\21.0.8-win32-x86_64\bin;C:\WINDOWS\SYSTEM32;C:\Program Files\Avast Software\Avast;C:\WINDOWS\WinSxS\amd64_microsoft.windows.common-controls_6595b64144ccf1df_6.0.22621.5547_none_27104afb73855772;c:\Users\Hbiri\.vscode\extensions\redhat.java-1.47.0-win32-x64\jre\21.0.8-win32-x86_64\bin\server

VM Arguments:
jvm_args: --add-modules=ALL-SYSTEM --add-opens=java.base/java.util=ALL-UNNAMED --add-opens=java.base/java.lang=ALL-UNNAMED --add-opens=java.base/sun.nio.fs=ALL-UNNAMED -Declipse.application=org.eclipse.jdt.ls.core.id1 -Dosgi.bundles.defaultStartLevel=4 -Declipse.product=org.eclipse.jdt.ls.core.product -Djava.import.generatesMetadataFilesAtProjectRoot=false -DDetectVMInstallationsJob.disabled=true -Dfile.encoding=utf8 -XX:+UseParallelGC -XX:GCTimeRatio=4 -XX:AdaptiveSizePolicyWeight=90 -Dsun.zip.disableMemoryMapping=true -Xmx2G -Xms100m -Xlog:disable -javaagent:c:\Users\Hbiri\.vscode\extensions\redhat.java-1.47.0-win32-x64\lombok\lombok-1.18.39-4050.jar -XX:+HeapDumpOnOutOfMemoryError -XX:HeapDumpPath=c:\Users\Hbiri\AppData\Roaming\Code\User\workspaceStorage\f6281676fb78c021499fb4dd918bc1a3\redhat.java -Daether.dependencyCollector.impl=bf 
java_command: c:\Users\Hbiri\.vscode\extensions\redhat.java-1.47.0-win32-x64\server\plugins\org.eclipse.equinox.launcher_1.7.100.v20251014-1222.jar -configuration c:\Users\Hbiri\AppData\Roaming\Code\User\globalStorage\redhat.java\1.47.0\config_win -data c:\Users\Hbiri\AppData\Roaming\Code\User\workspaceStorage\f6281676fb78c021499fb4dd918bc1a3\redhat.java\jdt_ws --pipe=\\.\pipe\lsp-4bb9656bd52d3089206a9771cf88b149-sock
java_class_path (initial): c:\Users\Hbiri\.vscode\extensions\redhat.java-1.47.0-win32-x64\server\plugins\org.eclipse.equinox.launcher_1.7.100.v20251014-1222.jar
Launcher Type: SUN_STANDARD

[Global flags]
    uintx AdaptiveSizePolicyWeight                 = 90                                        {product} {command line}
     intx CICompilerCount                          = 4                                         {product} {ergonomic}
    uintx GCTimeRatio                              = 4                                         {product} {command line}
     bool HeapDumpOnOutOfMemoryError               = true                                   {manageable} {command line}
    ccstr HeapDumpPath                             = c:\Users\Hbiri\AppData\Roaming\Code\User\workspaceStorage\f6281676fb78c021499fb4dd918bc1a3\redhat.java         {manageable} {command line}
   size_t InitialHeapSize                          = 104857600                                 {product} {command line}
   size_t MaxHeapSize                              = 2147483648                                {product} {command line}
   size_t MaxNewSize                               = 715653120                                 {product} {ergonomic}
   size_t MinHeapDeltaBytes                        = 524288                                    {product} {ergonomic}
   size_t MinHeapSize                              = 104857600                                 {product} {command line}
   size_t NewSize                                  = 34603008                                  {product} {ergonomic}
    uintx NonNMethodCodeHeapSize                   = 5839372                                {pd product} {ergonomic}
    uintx NonProfiledCodeHeapSize                  = 122909434                              {pd product} {ergonomic}
   size_t OldSize                                  = 70254592                                  {product} {ergonomic}
    uintx ProfiledCodeHeapSize                     = 122909434                              {pd product} {ergonomic}
    uintx ReservedCodeCacheSize                    = 251658240                              {pd product} {ergonomic}
     bool SegmentedCodeCache                       = true                                      {product} {ergonomic}
   size_t SoftMaxHeapSize                          = 2147483648                             {manageable} {ergonomic}
     bool UseCompressedOops                        = true                           {product lp64_product} {ergonomic}
     bool UseLargePagesIndividualAllocation        = false                                  {pd product} {ergonomic}
     bool UseParallelGC                            = true                                      {product} {command line}

Logging:
Log output configuration:
 #0: stdout all=off uptime,level,tags foldmultilines=false
 #1: stderr all=off uptime,level,tags foldmultilines=false

Environment Variables:
JAVA_HOME=D:\Program Files\Java\jdk-17
PATH=D:\Program Files\Java\jdk-17\bin;C:\Users\Hbiri\Downloads\WINDOWS.X64_193000_db_home\bin;C:\oraclexe\app\oracle\product\10.2.0\server\bin;C:\Windows\system32;C:\Windows;C:\Windows\System32\Wbem;C:\Windows\System32\WindowsPowerShell\v1.0\;C:\Windows\System32\OpenSSH\;C:\Program Files (x86)\NVIDIA Corporation\PhysX\Common;C:\src\dart-sdk\bin\dart.exe;C:\src\flutter\bin;D:\Program Files\Java\jdk-17\bin;C:\WINDOWS\system32;C:\WINDOWS;C:\WINDOWS\System32\Wbem;C:\WINDOWS\System32\WindowsPowerShell\v1.0\;C:\WINDOWS\System32\OpenSSH\;C:\Program Files\MySQL\MySQL Shell 8.0\bin\;C:\Users\Hbiri\AppData\Local\Microsoft\WindowsApps;C:\Users\Hbiri\AppData\Local\Programs\Microsoft VS Code\bin;C:\Users\Hbiri\AppData\Roaming\npm;C:\Users\Hbiri\AppData\Roaming\npm;C:\Windows\System32;C:\adb;C:\Gradle\gradle-8.3\bin;C:\Users\Hbiri\AppData\Roaming\Microsoft\Windows\Start Menu\Programs\Python 3.11;C:\Program Files\Git\cmd;C:\Program Files\PuTTY\;C:\Program Files\nodejs\;D:\mongodb-win32-x86_64-windows-8.0.4\mongosh-2.3.9-win32-x64\bin;C:\Users\Hbiri\Downloads\mongodb-database-tools-windows-x86_64-100.11.0\mongodb-database-tools-windows-x86_64-100.11.0\bin;C:\Program Files (x86)\Tools;C:\Users\Hbiri\Miniconda3;C:\Users\Hbiri\Miniconda3\Scripts;C:\Users\Hbiri\Miniconda3\Library\bin;C:\Users\Hbiri\AppData\Local\Programs\Python\Python311;C:\Users\Hbiri\AppData\Local\Programs\Python\Python311\Scripts;C:\Program Files\NVIDIA Corporation\NVIDIA App\NvDLISR;C:\Program Files\CMake\bin;C:\Users\Hbiri\AppData\Roaming\npm;C:\Program Files (x86)\Microsoft SQL Server\160\DTS\Binn\;C:\Program Files (x86)\Microsoft SQL Server\160\Tools\Binn\;C:\Program Files\Microsoft SQL Server\160\Tools\Binn\;C:\Program Files\Microsoft SQL Server\Client SDK\ODBC\170\Tools\Binn\;C:\Program Files\Microsoft SQL Server\160\DTS\Binn\;C:\Program Files\Docker\Docker\resources\bin;C:\Users\Hbiri\.console-ninja\.bin;C:\Program Files\MySQL\MySQL Shell 8.0\bin\;C:\Users\Hbiri\AppData\Local\Microsoft\WindowsApps;C:\Users\Hbiri\AppData\Local\Programs\Microsoft VS Code\bin;C:\Users\Hbiri\AppData\Roaming\npm;C:\Windows\System32;D:\Program Files\Java\jdk-17\bin;C:\Users\Hbiri\AppData\Local\Pub\Cache\bin;C:\Users\Hbiri\Downloads\protoc-26.1-win64\bin;D:\mongodb-win32-x86_64-windows-8.0.4\mongosh-2.3.9-win32-x64\bin;D:\Program Files\Java\jdk-17\bin;C:\Users\Hbiri\AppData\Roaming\npm;
USERNAME=Hbiri
OS=Windows_NT
PROCESSOR_IDENTIFIER=Intel64 Family 6 Model 140 Stepping 1, GenuineIntel
TMP=D:\TEMP
TEMP=D:\TEMP




Periodic native trim disabled

---------------  S Y S T E M  ---------------

OS:
 Windows 11 , 64 bit Build 22621 (10.0.22621.5415)
OS uptime: 0 days 2:01 hours
Hyper-V role detected

CPU: total 8 (initial active 8) (4 cores per cpu, 2 threads per core) family 6 model 140 stepping 1 microcode 0x86, cx8, cmov, fxsr, ht, mmx, 3dnowpref, sse, sse2, sse3, ssse3, sse4.1, sse4.2, popcnt, lzcnt, tsc, tscinvbit, avx, avx2, aes, erms, clmul, bmi1, bmi2, adx, avx512f, avx512dq, avx512cd, avx512bw, avx512vl, sha, fma, vzeroupper, avx512_vpopcntdq, avx512_vpclmulqdq, avx512_vaes, avx512_vnni, clflush, clflushopt, clwb, avx512_vbmi2, avx512_vbmi, hv, rdtscp, rdpid, fsrm, gfni, avx512_bitalg, f16c, cet_ibt, cet_ss, avx512_ifma
Processor Information for the first 8 processors :
  Max Mhz: 2803, Current Mhz: 2803, Mhz Limit: 2803

Memory: 4k page, system-wide physical 16078M (1426M free)
TotalPageFile size 24055M (AvailPageFile size 4M)
current process WorkingSet (physical memory assigned to process): 25M, peak: 25M
current process commit charge ("private bytes"): 197M, peak: 198M

vm_info: OpenJDK 64-Bit Server VM (21.0.8+9-LTS) for windows-amd64 JRE (21.0.8+9-LTS), built on 2025-07-15T00:00:00Z by "admin" with MS VC++ 17.7 (VS2022)

END.
