#
# There is insufficient memory for the Java Runtime Environment to continue.
# Native memory allocation (malloc) failed to allocate 1048576 bytes. Error detail: AllocateHeap
# Possible reasons:
#   The system is out of physical RAM or swap space
#   This process is running with CompressedOops enabled, and the Java Heap may be blocking the growth of the native heap
# Possible solutions:
#   Reduce memory load on the system
#   Increase physical memory or swap space
#   Check if swap backing store is full
#   Decrease Java heap size (-Xmx/-Xms)
#   Decrease number of Java threads
#   Decrease Java thread stack sizes (-Xss)
#   Set larger code cache with -XX:ReservedCodeCacheSize=
#   JVM is running with Unscaled Compressed Oops mode in which the Java heap is
#     placed in the first 4GB address space. The Java Heap base address is the
#     maximum limit for the native heap growth. Please use -XX:HeapBaseMinAddress
#     to set the Java Heap base and to place the Java Heap above 4GB virtual address.
# This output file may be truncated or incomplete.
#
#  Out of Memory Error (allocation.cpp:44), pid=10804, tid=20640
#
# JRE version: OpenJDK Runtime Environment Temurin-21.0.8+9 (21.0.8+9) (build 21.0.8+9-LTS)
# Java VM: OpenJDK 64-Bit Server VM Temurin-21.0.8+9 (21.0.8+9-LTS, mixed mode, sharing, tiered, compressed oops, compressed class ptrs, parallel gc, windows-amd64)
# No core dump will be written. Minidumps are not enabled by default on client versions of Windows
#

---------------  S U M M A R Y ------------

Command Line: --add-modules=ALL-SYSTEM --add-opens=java.base/java.util=ALL-UNNAMED --add-opens=java.base/java.lang=ALL-UNNAMED --add-opens=java.base/sun.nio.fs=ALL-UNNAMED -Declipse.application=org.eclipse.jdt.ls.core.id1 -Dosgi.bundles.defaultStartLevel=4 -Declipse.product=org.eclipse.jdt.ls.core.product -Djava.import.generatesMetadataFilesAtProjectRoot=false -DDetectVMInstallationsJob.disabled=true -Dfile.encoding=utf8 -XX:+UseParallelGC -XX:GCTimeRatio=4 -XX:AdaptiveSizePolicyWeight=90 -Dsun.zip.disableMemoryMapping=true -Xmx2G -Xms100m -Xlog:disable -javaagent:c:\Users\Hbiri\.vscode\extensions\redhat.java-1.47.0-win32-x64\lombok\lombok-1.18.39-4050.jar -XX:+HeapDumpOnOutOfMemoryError -XX:HeapDumpPath=c:\Users\Hbiri\AppData\Roaming\Code\User\workspaceStorage\a979efed059e8e7347d3462cc110f0cb\redhat.java -Daether.dependencyCollector.impl=bf c:\Users\Hbiri\.vscode\extensions\redhat.java-1.47.0-win32-x64\server\plugins\org.eclipse.equinox.launcher_1.7.100.v20251014-1222.jar -configuration c:\Users\Hbiri\AppData\Roaming\Code\User\globalStorage\redhat.java\1.47.0\config_win -data c:\Users\Hbiri\AppData\Roaming\Code\User\workspaceStorage\a979efed059e8e7347d3462cc110f0cb\redhat.java\jdt_ws --pipe=\\.\pipe\lsp-f17af6c8b6f5bc2e678efe79413be9f3-sock

Host: 11th Gen Intel(R) Core(TM) i7-1165G7 @ 2.80GHz, 8 cores, 15G,  Windows 11 , 64 bit Build 22621 (10.0.22621.5415)
Time: Fri Nov 14 22:15:04 2025 Afr. centrale Ouest elapsed time: 4534.346587 seconds (0d 1h 15m 34s)

---------------  T H R E A D  ---------------

Current thread (0x000001d939e305a0):  JavaThread "Attach Listener" daemon [_thread_in_vm, id=20640, stack(0x00000019a5100000,0x00000019a5200000) (1024K)]

Stack: [0x00000019a5100000,0x00000019a5200000]
Native frames: (J=compiled Java code, j=interpreted, Vv=VM code, C=native code)
V  [jvm.dll+0x6d2449]
V  [jvm.dll+0x8ae341]
V  [jvm.dll+0x8b08be]
V  [jvm.dll+0x8b0fa3]
V  [jvm.dll+0x280c96]
V  [jvm.dll+0xc0347]
V  [jvm.dll+0x6d2cf9]
V  [jvm.dll+0x131116]
V  [jvm.dll+0x3f2d16]
V  [jvm.dll+0x857e6b]
V  [jvm.dll+0x6d0b0d]
C  [ucrtbase.dll+0x29333]
C  [KERNEL32.DLL+0x1259d]
C  [ntdll.dll+0x5af78]


---------------  P R O C E S S  ---------------

Threads class SMR info:
_java_thread_list=0x000001d9934b8540, length=34, elements={
0x000001d939eb9c10, 0x000001d939e2cb70, 0x000001d939e2de90, 0x000001d939e2f2e0,
0x000001d939e305a0, 0x000001d939e326c0, 0x000001d939e383e0, 0x000001d939e3bfc0,
0x000001d939e3e8d0, 0x000001d9931ba670, 0x000001d9931bc0b0, 0x000001d9931bad00,
0x000001d9931bcdd0, 0x000001d9931b9fe0, 0x000001d9931bd460, 0x000001d9931bb390,
0x000001d9931bc740, 0x000001d998771e60, 0x000001d9987745c0, 0x000001d99876e350,
0x000001d998773210, 0x000001d99876fd90, 0x000001d998774c50, 0x000001d998773f30,
0x000001d9987752e0, 0x000001d9987717d0, 0x000001d99876f070, 0x000001d998775970,
0x000001d99876f700, 0x000001d998771140, 0x000001d99a7d0970, 0x000001d99a7cce60,
0x000001d99a7ca700, 0x000001d99c144900
}

Java Threads: ( => current thread )
  0x000001d939eb9c10 JavaThread "main"                              [_thread_blocked, id=6952, stack(0x00000019a4a00000,0x00000019a4b00000) (1024K)]
  0x000001d939e2cb70 JavaThread "Reference Handler"          daemon [_thread_blocked, id=12388, stack(0x00000019a4e00000,0x00000019a4f00000) (1024K)]
  0x000001d939e2de90 JavaThread "Finalizer"                  daemon [_thread_blocked, id=15292, stack(0x00000019a4f00000,0x00000019a5000000) (1024K)]
  0x000001d939e2f2e0 JavaThread "Signal Dispatcher"          daemon [_thread_blocked, id=2992, stack(0x00000019a5000000,0x00000019a5100000) (1024K)]
=>0x000001d939e305a0 JavaThread "Attach Listener"            daemon [_thread_in_vm, id=20640, stack(0x00000019a5100000,0x00000019a5200000) (1024K)]
  0x000001d939e326c0 JavaThread "Service Thread"             daemon [_thread_blocked, id=2344, stack(0x00000019a5200000,0x00000019a5300000) (1024K)]
  0x000001d939e383e0 JavaThread "Monitor Deflation Thread"   daemon [_thread_blocked, id=20252, stack(0x00000019a5300000,0x00000019a5400000) (1024K)]
  0x000001d939e3bfc0 JavaThread "C2 CompilerThread0"         daemon [_thread_blocked, id=13388, stack(0x00000019a5400000,0x00000019a5500000) (1024K)]
  0x000001d939e3e8d0 JavaThread "C1 CompilerThread0"         daemon [_thread_blocked, id=8740, stack(0x00000019a5500000,0x00000019a5600000) (1024K)]
  0x000001d9931ba670 JavaThread "Common-Cleaner"             daemon [_thread_blocked, id=15528, stack(0x00000019a5600000,0x00000019a5700000) (1024K)]
  0x000001d9931bc0b0 JavaThread "Notification Thread"        daemon [_thread_blocked, id=9988, stack(0x00000019a5800000,0x00000019a5900000) (1024K)]
  0x000001d9931bad00 JavaThread "Active Thread: Equinox Container: 4fcff2e0-cd73-42b3-acea-77f326947217"        [_thread_blocked, id=13212, stack(0x00000019a6000000,0x00000019a6100000) (1024K)]
  0x000001d9931bcdd0 JavaThread "Refresh Thread: Equinox Container: 4fcff2e0-cd73-42b3-acea-77f326947217" daemon [_thread_blocked, id=2944, stack(0x00000019a6100000,0x00000019a6200000) (1024K)]
  0x000001d9931b9fe0 JavaThread "Framework Event Dispatcher: Equinox Container: 4fcff2e0-cd73-42b3-acea-77f326947217" daemon [_thread_blocked, id=12356, stack(0x00000019a6300000,0x00000019a6400000) (1024K)]
  0x000001d9931bd460 JavaThread "Start Level: Equinox Container: 4fcff2e0-cd73-42b3-acea-77f326947217" daemon [_thread_blocked, id=2876, stack(0x00000019a6400000,0x00000019a6500000) (1024K)]
  0x000001d9931bb390 JavaThread "Bundle File Closer"         daemon [_thread_blocked, id=20380, stack(0x00000019a6500000,0x00000019a6600000) (1024K)]
  0x000001d9931bc740 JavaThread "SCR Component Actor"        daemon [_thread_blocked, id=5400, stack(0x00000019a5700000,0x00000019a5800000) (1024K)]
  0x000001d998771e60 JavaThread "Worker-JM"                         [_thread_blocked, id=5860, stack(0x00000019a6600000,0x00000019a6700000) (1024K)]
  0x000001d9987745c0 JavaThread "JNA Cleaner"                daemon [_thread_blocked, id=17952, stack(0x00000019a6700000,0x00000019a6800000) (1024K)]
  0x000001d99876e350 JavaThread "Java indexing"              daemon [_thread_blocked, id=10124, stack(0x00000019a6c00000,0x00000019a6d00000) (1024K)]
  0x000001d998773210 JavaThread "Worker-3"                          [_thread_blocked, id=10260, stack(0x00000019a6d00000,0x00000019a6e00000) (1024K)]
  0x000001d99876fd90 JavaThread "Thread-1"                   daemon [_thread_in_native, id=15156, stack(0x00000019a7000000,0x00000019a7100000) (1024K)]
  0x000001d998774c50 JavaThread "Thread-2"                   daemon [_thread_in_native, id=6812, stack(0x00000019a7100000,0x00000019a7200000) (1024K)]
  0x000001d998773f30 JavaThread "Thread-3"                   daemon [_thread_in_native, id=20452, stack(0x00000019a7200000,0x00000019a7300000) (1024K)]
  0x000001d9987752e0 JavaThread "Thread-4"                   daemon [_thread_in_native, id=7428, stack(0x00000019a7300000,0x00000019a7400000) (1024K)]
  0x000001d9987717d0 JavaThread "Thread-5"                   daemon [_thread_in_native, id=13524, stack(0x00000019a7400000,0x00000019a7500000) (1024K)]
  0x000001d99876f070 JavaThread "Thread-6"                   daemon [_thread_in_native, id=13776, stack(0x00000019a7500000,0x00000019a7600000) (1024K)]
  0x000001d998775970 JavaThread "Thread-7"                   daemon [_thread_in_native, id=18692, stack(0x00000019a7600000,0x00000019a7700000) (1024K)]
  0x000001d99876f700 JavaThread "Thread-8"                   daemon [_thread_in_native, id=2324, stack(0x00000019a7700000,0x00000019a7800000) (1024K)]
  0x000001d998771140 JavaThread "Thread-9"                   daemon [_thread_in_native, id=7332, stack(0x00000019a7800000,0x00000019a7900000) (1024K)]
  0x000001d99a7d0970 JavaThread "pool-2-thread-1"                   [_thread_blocked, id=20712, stack(0x00000019a7900000,0x00000019a7a00000) (1024K)]
  0x000001d99a7cce60 JavaThread "WorkspaceEventsHandler"            [_thread_blocked, id=6008, stack(0x00000019a7a00000,0x00000019a7b00000) (1024K)]
  0x000001d99a7ca700 JavaThread "pool-1-thread-1"                   [_thread_blocked, id=15380, stack(0x00000019a7b00000,0x00000019a7c00000) (1024K)]
  0x000001d99c144900 JavaThread "Worker-6"                          [_thread_blocked, id=14712, stack(0x00000019a4800000,0x00000019a4900000) (1024K)]
Total: 34

Other Threads:
  0x000001d939f579f0 VMThread "VM Thread"                           [id=14444, stack(0x00000019a4d00000,0x00000019a4e00000) (1024K)]
  0x000001d939f24340 WatcherThread "VM Periodic Task Thread"        [id=21072, stack(0x00000019a4c00000,0x00000019a4d00000) (1024K)]
  0x000001d939ed7e90 WorkerThread "GC Thread#0"                     [id=5824, stack(0x00000019a4b00000,0x00000019a4c00000) (1024K)]
  0x000001d9935cfde0 WorkerThread "GC Thread#1"                     [id=16808, stack(0x00000019a5a00000,0x00000019a5b00000) (1024K)]
  0x000001d9939749b0 WorkerThread "GC Thread#2"                     [id=20104, stack(0x00000019a5b00000,0x00000019a5c00000) (1024K)]
  0x000001d993471230 WorkerThread "GC Thread#3"                     [id=14492, stack(0x00000019a5c00000,0x00000019a5d00000) (1024K)]
  0x000001d9934715d0 WorkerThread "GC Thread#4"                     [id=8248, stack(0x00000019a5d00000,0x00000019a5e00000) (1024K)]
  0x000001d9939125e0 WorkerThread "GC Thread#5"                     [id=17896, stack(0x00000019a5e00000,0x00000019a5f00000) (1024K)]
  0x000001d993912980 WorkerThread "GC Thread#6"                     [id=14096, stack(0x00000019a5f00000,0x00000019a6000000) (1024K)]
  0x000001d993b2bc90 WorkerThread "GC Thread#7"                     [id=17504, stack(0x00000019a6200000,0x00000019a6300000) (1024K)]
Total: 10

Threads with active compile tasks:
Total: 0

VM state: not at safepoint (normal execution)

VM Mutex/Monitor currently owned by a thread: None

Heap address: 0x0000000080000000, size: 2048 MB, Compressed Oops mode: 32-bit

CDS archive(s) mapped at: [0x000001d951000000-0x000001d951ba0000-0x000001d951ba0000), size 12189696, SharedBaseAddress: 0x000001d951000000, ArchiveRelocationMode: 1.
Compressed class space mapped at: 0x000001d952000000-0x000001d992000000, reserved size: 1073741824
Narrow klass base: 0x000001d951000000, Narrow klass shift: 0, Narrow klass range: 0x100000000

GC Precious Log:
 CardTable entry size: 512
 CPUs: 8 total, 8 available
 Memory: 16078M
 Large Page Support: Disabled
 NUMA Support: Disabled
 Compressed Oops: Enabled (32-bit)
 Alignments: Space 512K, Generation 512K, Heap 2M
 Heap Min Capacity: 100M
 Heap Initial Capacity: 100M
 Heap Max Capacity: 2G
 Pre-touch: Disabled
 Parallel Workers: 8

Heap:
 PSYoungGen      total 12800K, used 3662K [0x00000000d5580000, 0x00000000d6900000, 0x0000000100000000)
  eden space 12288K, 27% used [0x00000000d5580000,0x00000000d58d39b0,0x00000000d6180000)
  from space 512K, 50% used [0x00000000d6800000,0x00000000d6840000,0x00000000d6880000)
  to   space 512K, 0% used [0x00000000d6880000,0x00000000d6880000,0x00000000d6900000)
 ParOldGen       total 590336K, used 588397K [0x0000000080000000, 0x00000000a4080000, 0x00000000d5580000)
  object space 590336K, 99% used [0x0000000080000000,0x00000000a3e9b588,0x00000000a4080000)
 Metaspace       used 68065K, committed 69760K, reserved 1114112K
  class space    used 7074K, committed 7808K, reserved 1048576K

Card table byte_map: [0x000001d939850000,0x000001d939c60000] _byte_map_base: 0x000001d939450000

Marking Bits: (ParMarkBitMap*) 0x00007ffbbabca340
 Begin Bits: [0x000001d94c350000, 0x000001d94e350000)
 End Bits:   [0x000001d94e350000, 0x000001d950350000)

Polling page: 0x000001d937ce0000

Metaspace:

Usage:
  Non-class:     59.56 MB used.
      Class:      6.91 MB used.
       Both:     66.47 MB used.

Virtual space:
  Non-class space:       64.00 MB reserved,      60.50 MB ( 95%) committed,  1 nodes.
      Class space:        1.00 GB reserved,       7.62 MB ( <1%) committed,  1 nodes.
             Both:        1.06 GB reserved,      68.12 MB (  6%) committed. 

Chunk freelists:
   Non-Class:  2.85 MB
       Class:  8.34 MB
        Both:  11.19 MB

MaxMetaspaceSize: unlimited
CompressedClassSpaceSize: 1.00 GB
Initial GC threshold: 21.00 MB
Current GC threshold: 97.31 MB
CDS: on
 - commit_granule_bytes: 65536.
 - commit_granule_words: 8192.
 - virtual_space_node_default_size: 8388608.
 - enlarge_chunks_in_place: 1.
 - use_allocation_guard: 0.


Internal statistics:

num_allocs_failed_limit: 9.
num_arena_births: 1328.
num_arena_deaths: 14.
num_vsnodes_births: 2.
num_vsnodes_deaths: 0.
num_space_committed: 1090.
num_space_uncommitted: 0.
num_chunks_returned_to_freelist: 23.
num_chunks_taken_from_freelist: 4702.
num_chunk_merges: 10.
num_chunk_splits: 2817.
num_chunks_enlarged: 1513.
num_inconsistent_stats: 0.

CodeHeap 'non-profiled nmethods': size=120000Kb used=11380Kb max_used=11380Kb free=108619Kb
 bounds [0x000001d944b70000, 0x000001d945690000, 0x000001d94c0a0000]
CodeHeap 'profiled nmethods': size=120000Kb used=34319Kb max_used=34319Kb free=85680Kb
 bounds [0x000001d93d0a0000, 0x000001d93f230000, 0x000001d9445d0000]
CodeHeap 'non-nmethods': size=5760Kb used=1451Kb max_used=1537Kb free=4309Kb
 bounds [0x000001d9445d0000, 0x000001d944840000, 0x000001d944b70000]
CodeCache: size=245760Kb, used=47150Kb, max_used=47236Kb, free=198608Kb
 total_blobs=15139, nmethods=14390, adapters=654, full_count=0
Compilation: enabled, stopped_count=0, restarted_count=0

Compilation events (20 events):
Event: 3004.607 Thread 0x000001d939e3e8d0 15217       3       java.security.MessageDigest$Delegate::engineUpdate (9 bytes)
Event: 3004.607 Thread 0x000001d939e3e8d0 nmethod 15217 0x000001d93f221910 code [0x000001d93f221ac0, 0x000001d93f221c98]
Event: 3004.607 Thread 0x000001d939e3e8d0 15218       3       sun.security.provider.DigestBase::engineUpdate (32 bytes)
Event: 3004.607 Thread 0x000001d939e3e8d0 nmethod 15218 0x000001d93f221d90 code [0x000001d93f221f40, 0x000001d93f2221a8]
Event: 3004.608 Thread 0x000001d939e3bfc0 15219   !   4       org.eclipse.jdt.ls.core.internal.CancellableProgressMonitor::isCanceled (33 bytes)
Event: 3004.610 Thread 0x000001d939e3bfc0 nmethod 15219 0x000001d94568c510 code [0x000001d94568c6a0, 0x000001d94568c7a8]
Event: 3184.622 Thread 0x000001d939e3e8d0 15220  s!   3       org.eclipse.core.internal.jobs.WorkerPool::sleep (124 bytes)
Event: 3184.622 Thread 0x000001d939e3e8d0 nmethod 15220 0x000001d93f222290 code [0x000001d93f2224a0, 0x000001d93f2229b8]
Event: 3332.375 Thread 0x000001d939e3e8d0 15221       3       java.util.concurrent.ThreadPoolExecutor::runStateAtLeast (11 bytes)
Event: 3332.375 Thread 0x000001d939e3e8d0 nmethod 15221 0x000001d93f222b90 code [0x000001d93f222d20, 0x000001d93f222e60]
Event: 3512.435 Thread 0x000001d939e3e8d0 15222       1       org.eclipse.osgi.internal.location.BasicLocation::isReadOnly (5 bytes)
Event: 3512.437 Thread 0x000001d939e3e8d0 nmethod 15222 0x000001d94568c890 code [0x000001d94568ca20, 0x000001d94568caf0]
Event: 3847.472 Thread 0x000001d939e3e8d0 15223       1       com.sun.jna.internal.Cleaner::access$200 (5 bytes)
Event: 3847.475 Thread 0x000001d939e3e8d0 nmethod 15223 0x000001d94568cb90 code [0x000001d94568cd20, 0x000001d94568cdd0]
Event: 3849.579 Thread 0x000001d939e3e8d0 15224       3       java.lang.ProcessHandleImpl::get (51 bytes)
Event: 3849.579 Thread 0x000001d939e3e8d0 nmethod 15224 0x000001d93f222f10 code [0x000001d93f223120, 0x000001d93f223728]
Event: 3849.579 Thread 0x000001d939e3e8d0 15225       3       java.lang.ProcessHandleImpl::isAlive (44 bytes)
Event: 3849.579 Thread 0x000001d939e3e8d0 nmethod 15225 0x000001d93f223990 code [0x000001d93f223b40, 0x000001d93f223da0]
Event: 3904.611 Thread 0x000001d939e3e8d0 15226       1       org.eclipse.core.internal.jobs.InternalJob::getPriority (5 bytes)
Event: 3904.611 Thread 0x000001d939e3e8d0 nmethod 15226 0x000001d94568ce90 code [0x000001d94568d020, 0x000001d94568d0e8]

GC Heap History (20 events):
Event: 21.970 GC heap before
{Heap before GC invocations=639 (full 3):
 PSYoungGen      total 13312K, used 13312K [0x00000000d5580000, 0x00000000d6580000, 0x0000000100000000)
  eden space 12288K, 100% used [0x00000000d5580000,0x00000000d6180000,0x00000000d6180000)
  from space 1024K, 100% used [0x00000000d6300000,0x00000000d6400000,0x00000000d6400000)
  to   space 1536K, 0% used [0x00000000d6400000,0x00000000d6400000,0x00000000d6580000)
 ParOldGen       total 478720K, used 478601K [0x0000000080000000, 0x000000009d380000, 0x00000000d5580000)
  object space 478720K, 99% used [0x0000000080000000,0x000000009d3625d8,0x000000009d380000)
 Metaspace       used 65949K, committed 67584K, reserved 1114112K
  class space    used 6858K, committed 7552K, reserved 1048576K
}
Event: 21.974 GC heap after
{Heap after GC invocations=639 (full 3):
 PSYoungGen      total 13824K, used 1472K [0x00000000d5580000, 0x00000000d6580000, 0x0000000100000000)
  eden space 12288K, 0% used [0x00000000d5580000,0x00000000d5580000,0x00000000d6180000)
  from space 1536K, 95% used [0x00000000d6400000,0x00000000d6570000,0x00000000d6580000)
  to   space 1536K, 0% used [0x00000000d6280000,0x00000000d6280000,0x00000000d6400000)
 ParOldGen       total 479744K, used 479438K [0x0000000080000000, 0x000000009d480000, 0x00000000d5580000)
  object space 479744K, 99% used [0x0000000080000000,0x000000009d4339c8,0x000000009d480000)
 Metaspace       used 65949K, committed 67584K, reserved 1114112K
  class space    used 6858K, committed 7552K, reserved 1048576K
}
Event: 22.177 GC heap before
{Heap before GC invocations=640 (full 3):
 PSYoungGen      total 13824K, used 13760K [0x00000000d5580000, 0x00000000d6580000, 0x0000000100000000)
  eden space 12288K, 100% used [0x00000000d5580000,0x00000000d6180000,0x00000000d6180000)
  from space 1536K, 95% used [0x00000000d6400000,0x00000000d6570000,0x00000000d6580000)
  to   space 1536K, 0% used [0x00000000d6280000,0x00000000d6280000,0x00000000d6400000)
 ParOldGen       total 479744K, used 479438K [0x0000000080000000, 0x000000009d480000, 0x00000000d5580000)
  object space 479744K, 99% used [0x0000000080000000,0x000000009d4339c8,0x000000009d480000)
 Metaspace       used 66003K, committed 67648K, reserved 1114112K
  class space    used 6858K, committed 7552K, reserved 1048576K
}
Event: 22.183 GC heap after
{Heap after GC invocations=640 (full 3):
 PSYoungGen      total 13824K, used 1518K [0x00000000d5580000, 0x00000000d7280000, 0x0000000100000000)
  eden space 12288K, 0% used [0x00000000d5580000,0x00000000d5580000,0x00000000d6180000)
  from space 1536K, 98% used [0x00000000d6280000,0x00000000d63fbae0,0x00000000d6400000)
  to   space 8704K, 0% used [0x00000000d6a00000,0x00000000d6a00000,0x00000000d7280000)
 ParOldGen       total 485376K, used 485262K [0x0000000080000000, 0x000000009da00000, 0x00000000d5580000)
  object space 485376K, 99% used [0x0000000080000000,0x000000009d9e39e0,0x000000009da00000)
 Metaspace       used 66003K, committed 67648K, reserved 1114112K
  class space    used 6858K, committed 7552K, reserved 1048576K
}
Event: 22.415 GC heap before
{Heap before GC invocations=641 (full 3):
 PSYoungGen      total 13824K, used 13806K [0x00000000d5580000, 0x00000000d7280000, 0x0000000100000000)
  eden space 12288K, 100% used [0x00000000d5580000,0x00000000d6180000,0x00000000d6180000)
  from space 1536K, 98% used [0x00000000d6280000,0x00000000d63fbae0,0x00000000d6400000)
  to   space 8704K, 0% used [0x00000000d6a00000,0x00000000d6a00000,0x00000000d7280000)
 ParOldGen       total 485376K, used 485262K [0x0000000080000000, 0x000000009da00000, 0x00000000d5580000)
  object space 485376K, 99% used [0x0000000080000000,0x000000009d9e39e0,0x000000009da00000)
 Metaspace       used 66160K, committed 67776K, reserved 1114112K
  class space    used 6858K, committed 7552K, reserved 1048576K
}
Event: 22.420 GC heap after
{Heap after GC invocations=641 (full 3):
 PSYoungGen      total 13824K, used 1440K [0x00000000d5580000, 0x00000000d6b80000, 0x0000000100000000)
  eden space 12288K, 0% used [0x00000000d5580000,0x00000000d5580000,0x00000000d6180000)
  from space 1536K, 93% used [0x00000000d6a00000,0x00000000d6b68000,0x00000000d6b80000)
  to   space 3584K, 0% used [0x00000000d6480000,0x00000000d6480000,0x00000000d6800000)
 ParOldGen       total 485888K, used 485476K [0x0000000080000000, 0x000000009da80000, 0x00000000d5580000)
  object space 485888K, 99% used [0x0000000080000000,0x000000009da19260,0x000000009da80000)
 Metaspace       used 66160K, committed 67776K, reserved 1114112K
  class space    used 6858K, committed 7552K, reserved 1048576K
}
Event: 22.473 GC heap before
{Heap before GC invocations=642 (full 3):
 PSYoungGen      total 13824K, used 13728K [0x00000000d5580000, 0x00000000d6b80000, 0x0000000100000000)
  eden space 12288K, 100% used [0x00000000d5580000,0x00000000d6180000,0x00000000d6180000)
  from space 1536K, 93% used [0x00000000d6a00000,0x00000000d6b68000,0x00000000d6b80000)
  to   space 3584K, 0% used [0x00000000d6480000,0x00000000d6480000,0x00000000d6800000)
 ParOldGen       total 485888K, used 485476K [0x0000000080000000, 0x000000009da80000, 0x00000000d5580000)
  object space 485888K, 99% used [0x0000000080000000,0x000000009da19260,0x000000009da80000)
 Metaspace       used 66169K, committed 67776K, reserved 1114112K
  class space    used 6858K, committed 7552K, reserved 1048576K
}
Event: 22.476 GC heap after
{Heap after GC invocations=642 (full 3):
 PSYoungGen      total 15872K, used 928K [0x00000000d5580000, 0x00000000d6a80000, 0x0000000100000000)
  eden space 12288K, 0% used [0x00000000d5580000,0x00000000d5580000,0x00000000d6180000)
  from space 3584K, 25% used [0x00000000d6480000,0x00000000d6568000,0x00000000d6800000)
  to   space 1536K, 0% used [0x00000000d6900000,0x00000000d6900000,0x00000000d6a80000)
 ParOldGen       total 486912K, used 486570K [0x0000000080000000, 0x000000009db80000, 0x00000000d5580000)
  object space 486912K, 99% used [0x0000000080000000,0x000000009db2a918,0x000000009db80000)
 Metaspace       used 66169K, committed 67776K, reserved 1114112K
  class space    used 6858K, committed 7552K, reserved 1048576K
}
Event: 22.675 GC heap before
{Heap before GC invocations=643 (full 3):
 PSYoungGen      total 15872K, used 13216K [0x00000000d5580000, 0x00000000d6a80000, 0x0000000100000000)
  eden space 12288K, 100% used [0x00000000d5580000,0x00000000d6180000,0x00000000d6180000)
  from space 3584K, 25% used [0x00000000d6480000,0x00000000d6568000,0x00000000d6800000)
  to   space 1536K, 0% used [0x00000000d6900000,0x00000000d6900000,0x00000000d6a80000)
 ParOldGen       total 486912K, used 486570K [0x0000000080000000, 0x000000009db80000, 0x00000000d5580000)
  object space 486912K, 99% used [0x0000000080000000,0x000000009db2a918,0x000000009db80000)
 Metaspace       used 66668K, committed 68288K, reserved 1114112K
  class space    used 6899K, committed 7552K, reserved 1048576K
}
Event: 22.678 GC heap after
{Heap after GC invocations=643 (full 3):
 PSYoungGen      total 13312K, used 605K [0x00000000d5580000, 0x00000000d6a00000, 0x0000000100000000)
  eden space 12288K, 0% used [0x00000000d5580000,0x00000000d5580000,0x00000000d6180000)
  from space 1024K, 59% used [0x00000000d6900000,0x00000000d6997490,0x00000000d6a00000)
  to   space 1024K, 0% used [0x00000000d6800000,0x00000000d6800000,0x00000000d6900000)
 ParOldGen       total 487424K, used 487170K [0x0000000080000000, 0x000000009dc00000, 0x00000000d5580000)
  object space 487424K, 99% used [0x0000000080000000,0x000000009dbc0918,0x000000009dc00000)
 Metaspace       used 66668K, committed 68288K, reserved 1114112K
  class space    used 6899K, committed 7552K, reserved 1048576K
}
Event: 22.898 GC heap before
{Heap before GC invocations=644 (full 3):
 PSYoungGen      total 13312K, used 12893K [0x00000000d5580000, 0x00000000d6a00000, 0x0000000100000000)
  eden space 12288K, 99% used [0x00000000d5580000,0x00000000d617fff8,0x00000000d6180000)
  from space 1024K, 59% used [0x00000000d6900000,0x00000000d6997490,0x00000000d6a00000)
  to   space 1024K, 0% used [0x00000000d6800000,0x00000000d6800000,0x00000000d6900000)
 ParOldGen       total 487424K, used 487170K [0x0000000080000000, 0x000000009dc00000, 0x00000000d5580000)
  object space 487424K, 99% used [0x0000000080000000,0x000000009dbc0918,0x000000009dc00000)
 Metaspace       used 67492K, committed 69120K, reserved 1114112K
  class space    used 7027K, committed 7744K, reserved 1048576K
}
Event: 22.900 GC heap after
{Heap after GC invocations=644 (full 3):
 PSYoungGen      total 12800K, used 448K [0x00000000d5580000, 0x00000000d6980000, 0x0000000100000000)
  eden space 12288K, 0% used [0x00000000d5580000,0x00000000d5580000,0x00000000d6180000)
  from space 512K, 87% used [0x00000000d6800000,0x00000000d6870000,0x00000000d6880000)
  to   space 1024K, 0% used [0x00000000d6880000,0x00000000d6880000,0x00000000d6980000)
 ParOldGen       total 487936K, used 487646K [0x0000000080000000, 0x000000009dc80000, 0x00000000d5580000)
  object space 487936K, 99% used [0x0000000080000000,0x000000009dc37bf0,0x000000009dc80000)
 Metaspace       used 67492K, committed 69120K, reserved 1114112K
  class space    used 7027K, committed 7744K, reserved 1048576K
}
Event: 305.419 GC heap before
{Heap before GC invocations=645 (full 3):
 PSYoungGen      total 12800K, used 12735K [0x00000000d5580000, 0x00000000d6980000, 0x0000000100000000)
  eden space 12288K, 99% used [0x00000000d5580000,0x00000000d617ff20,0x00000000d6180000)
  from space 512K, 87% used [0x00000000d6800000,0x00000000d6870000,0x00000000d6880000)
  to   space 1024K, 0% used [0x00000000d6880000,0x00000000d6880000,0x00000000d6980000)
 ParOldGen       total 519680K, used 518367K [0x0000000080000000, 0x000000009fb80000, 0x00000000d5580000)
  object space 519680K, 99% used [0x0000000080000000,0x000000009fa37c20,0x000000009fb80000)
 Metaspace       used 67873K, committed 69568K, reserved 1114112K
  class space    used 7067K, committed 7808K, reserved 1048576K
}
Event: 305.422 GC heap after
{Heap after GC invocations=645 (full 3):
 PSYoungGen      total 13312K, used 629K [0x00000000d5580000, 0x00000000d6980000, 0x0000000100000000)
  eden space 12288K, 0% used [0x00000000d5580000,0x00000000d5580000,0x00000000d6180000)
  from space 1024K, 61% used [0x00000000d6880000,0x00000000d691d468,0x00000000d6980000)
  to   space 1024K, 0% used [0x00000000d6780000,0x00000000d6780000,0x00000000d6880000)
 ParOldGen       total 519680K, used 518664K [0x0000000080000000, 0x000000009fb80000, 0x00000000d5580000)
  object space 519680K, 99% used [0x0000000080000000,0x000000009fa82090,0x000000009fb80000)
 Metaspace       used 67873K, committed 69568K, reserved 1114112K
  class space    used 7067K, committed 7808K, reserved 1048576K
}
Event: 390.905 GC heap before
{Heap before GC invocations=646 (full 3):
 PSYoungGen      total 13312K, used 12917K [0x00000000d5580000, 0x00000000d6980000, 0x0000000100000000)
  eden space 12288K, 100% used [0x00000000d5580000,0x00000000d6180000,0x00000000d6180000)
  from space 1024K, 61% used [0x00000000d6880000,0x00000000d691d468,0x00000000d6980000)
  to   space 1024K, 0% used [0x00000000d6780000,0x00000000d6780000,0x00000000d6880000)
 ParOldGen       total 543232K, used 541704K [0x0000000080000000, 0x00000000a1280000, 0x00000000d5580000)
  object space 543232K, 99% used [0x0000000080000000,0x00000000a11020b0,0x00000000a1280000)
 Metaspace       used 67899K, committed 69632K, reserved 1114112K
  class space    used 7067K, committed 7808K, reserved 1048576K
}
Event: 390.907 GC heap after
{Heap after GC invocations=646 (full 3):
 PSYoungGen      total 13312K, used 352K [0x00000000d5580000, 0x00000000d6900000, 0x0000000100000000)
  eden space 12288K, 0% used [0x00000000d5580000,0x00000000d5580000,0x00000000d6180000)
  from space 1024K, 34% used [0x00000000d6780000,0x00000000d67d8020,0x00000000d6880000)
  to   space 512K, 0% used [0x00000000d6880000,0x00000000d6880000,0x00000000d6900000)
 ParOldGen       total 543232K, used 542141K [0x0000000080000000, 0x00000000a1280000, 0x00000000d5580000)
  object space 543232K, 99% used [0x0000000080000000,0x00000000a116f518,0x00000000a1280000)
 Metaspace       used 67899K, committed 69632K, reserved 1114112K
  class space    used 7067K, committed 7808K, reserved 1048576K
}
Event: 397.513 GC heap before
{Heap before GC invocations=647 (full 3):
 PSYoungGen      total 13312K, used 12640K [0x00000000d5580000, 0x00000000d6900000, 0x0000000100000000)
  eden space 12288K, 100% used [0x00000000d5580000,0x00000000d6180000,0x00000000d6180000)
  from space 1024K, 34% used [0x00000000d6780000,0x00000000d67d8020,0x00000000d6880000)
  to   space 512K, 0% used [0x00000000d6880000,0x00000000d6880000,0x00000000d6900000)
 ParOldGen       total 566784K, used 565181K [0x0000000080000000, 0x00000000a2980000, 0x00000000d5580000)
  object space 566784K, 99% used [0x0000000080000000,0x00000000a27ef538,0x00000000a2980000)
 Metaspace       used 67933K, committed 69696K, reserved 1114112K
  class space    used 7067K, committed 7808K, reserved 1048576K
}
Event: 397.514 GC heap after
{Heap after GC invocations=647 (full 3):
 PSYoungGen      total 12800K, used 256K [0x00000000d5580000, 0x00000000d6900000, 0x0000000100000000)
  eden space 12288K, 0% used [0x00000000d5580000,0x00000000d5580000,0x00000000d6180000)
  from space 512K, 50% used [0x00000000d6880000,0x00000000d68c0000,0x00000000d6900000)
  to   space 512K, 0% used [0x00000000d6800000,0x00000000d6800000,0x00000000d6880000)
 ParOldGen       total 566784K, used 565317K [0x0000000080000000, 0x00000000a2980000, 0x00000000d5580000)
  object space 566784K, 99% used [0x0000000080000000,0x00000000a2811568,0x00000000a2980000)
 Metaspace       used 67933K, committed 69696K, reserved 1114112K
  class space    used 7067K, committed 7808K, reserved 1048576K
}
Event: 401.351 GC heap before
{Heap before GC invocations=648 (full 3):
 PSYoungGen      total 12800K, used 12544K [0x00000000d5580000, 0x00000000d6900000, 0x0000000100000000)
  eden space 12288K, 100% used [0x00000000d5580000,0x00000000d6180000,0x00000000d6180000)
  from space 512K, 50% used [0x00000000d6880000,0x00000000d68c0000,0x00000000d6900000)
  to   space 512K, 0% used [0x00000000d6800000,0x00000000d6800000,0x00000000d6880000)
 ParOldGen       total 590336K, used 588357K [0x0000000080000000, 0x00000000a4080000, 0x00000000d5580000)
  object space 590336K, 99% used [0x0000000080000000,0x00000000a3e91588,0x00000000a4080000)
 Metaspace       used 67987K, committed 69696K, reserved 1114112K
  class space    used 7067K, committed 7808K, reserved 1048576K
}
Event: 401.352 GC heap after
{Heap after GC invocations=648 (full 3):
 PSYoungGen      total 12800K, used 256K [0x00000000d5580000, 0x00000000d6900000, 0x0000000100000000)
  eden space 12288K, 0% used [0x00000000d5580000,0x00000000d5580000,0x00000000d6180000)
  from space 512K, 50% used [0x00000000d6800000,0x00000000d6840000,0x00000000d6880000)
  to   space 512K, 0% used [0x00000000d6880000,0x00000000d6880000,0x00000000d6900000)
 ParOldGen       total 590336K, used 588397K [0x0000000080000000, 0x00000000a4080000, 0x00000000d5580000)
  object space 590336K, 99% used [0x0000000080000000,0x00000000a3e9b588,0x00000000a4080000)
 Metaspace       used 67987K, committed 69696K, reserved 1114112K
  class space    used 7067K, committed 7808K, reserved 1048576K
}

Dll operation events (10 events):
Event: 0.012 Loaded shared library c:\Users\Hbiri\.vscode\extensions\redhat.java-1.47.0-win32-x64\jre\21.0.8-win32-x86_64\bin\java.dll
Event: 0.112 Loaded shared library c:\Users\Hbiri\.vscode\extensions\redhat.java-1.47.0-win32-x64\jre\21.0.8-win32-x86_64\bin\zip.dll
Event: 0.147 Loaded shared library C:\Users\Hbiri\.vscode\extensions\redhat.java-1.47.0-win32-x64\jre\21.0.8-win32-x86_64\bin\instrument.dll
Event: 0.153 Loaded shared library C:\Users\Hbiri\.vscode\extensions\redhat.java-1.47.0-win32-x64\jre\21.0.8-win32-x86_64\bin\net.dll
Event: 0.156 Loaded shared library C:\Users\Hbiri\.vscode\extensions\redhat.java-1.47.0-win32-x64\jre\21.0.8-win32-x86_64\bin\nio.dll
Event: 0.161 Loaded shared library C:\Users\Hbiri\.vscode\extensions\redhat.java-1.47.0-win32-x64\jre\21.0.8-win32-x86_64\bin\zip.dll
Event: 0.183 Loaded shared library C:\Users\Hbiri\.vscode\extensions\redhat.java-1.47.0-win32-x64\jre\21.0.8-win32-x86_64\bin\jimage.dll
Event: 0.260 Loaded shared library c:\Users\Hbiri\.vscode\extensions\redhat.java-1.47.0-win32-x64\jre\21.0.8-win32-x86_64\bin\verify.dll
Event: 1.749 Loaded shared library C:\Users\Hbiri\AppData\Roaming\Code\User\globalStorage\redhat.java\1.47.0\config_win\org.eclipse.equinox.launcher\org.eclipse.equinox.launcher.win32.win32.x86_64_1.2.1400.v20250801-0854\eclipse_11916.dll
Event: 4.497 Loaded shared library D:\TEMP\jna-69517574\jna7435073058757450087.dll

Deoptimization events (20 events):
Event: 690.840 Thread 0x000001d99c144900 Uncommon trap: trap_request=0xffffffde fr.pc=0x000001d9456297ec relative=0x0000000000000bec
Event: 690.840 Thread 0x000001d99c144900 Uncommon trap: reason=class_check action=maybe_recompile pc=0x000001d9456297ec method=java.io.DataOutputStream.write([BII)V @ 7 c2
Event: 690.840 Thread 0x000001d99c144900 DEOPT PACKING pc=0x000001d9456297ec sp=0x00000019a48ff070
Event: 690.840 Thread 0x000001d99c144900 DEOPT UNPACKING pc=0x000001d944626da2 sp=0x00000019a48fefa0 mode 2
Event: 690.840 Thread 0x000001d99c144900 Uncommon trap: trap_request=0xffffffde fr.pc=0x000001d9456297ec relative=0x0000000000000bec
Event: 690.840 Thread 0x000001d99c144900 Uncommon trap: reason=class_check action=maybe_recompile pc=0x000001d9456297ec method=java.io.DataOutputStream.write([BII)V @ 7 c2
Event: 690.840 Thread 0x000001d99c144900 DEOPT PACKING pc=0x000001d9456297ec sp=0x00000019a48fefb0
Event: 690.840 Thread 0x000001d99c144900 DEOPT UNPACKING pc=0x000001d944626da2 sp=0x00000019a48feee0 mode 2
Event: 690.840 Thread 0x000001d99c144900 Uncommon trap: trap_request=0xffffffde fr.pc=0x000001d9456297ec relative=0x0000000000000bec
Event: 690.840 Thread 0x000001d99c144900 Uncommon trap: reason=class_check action=maybe_recompile pc=0x000001d9456297ec method=java.io.DataOutputStream.write([BII)V @ 7 c2
Event: 690.840 Thread 0x000001d99c144900 DEOPT PACKING pc=0x000001d9456297ec sp=0x00000019a48fef00
Event: 690.840 Thread 0x000001d99c144900 DEOPT UNPACKING pc=0x000001d944626da2 sp=0x00000019a48fee30 mode 2
Event: 690.840 Thread 0x000001d99c144900 Uncommon trap: trap_request=0xffffffde fr.pc=0x000001d9456297ec relative=0x0000000000000bec
Event: 690.840 Thread 0x000001d99c144900 Uncommon trap: reason=class_check action=maybe_recompile pc=0x000001d9456297ec method=java.io.DataOutputStream.write([BII)V @ 7 c2
Event: 690.840 Thread 0x000001d99c144900 DEOPT PACKING pc=0x000001d9456297ec sp=0x00000019a48fef00
Event: 690.840 Thread 0x000001d99c144900 DEOPT UNPACKING pc=0x000001d944626da2 sp=0x00000019a48fee30 mode 2
Event: 690.848 Thread 0x000001d99c144900 Uncommon trap: trap_request=0xffffffbe fr.pc=0x000001d945281360 relative=0x0000000000000800
Event: 690.848 Thread 0x000001d99c144900 Uncommon trap: reason=profile_predicate action=maybe_recompile pc=0x000001d945281360 method=java.io.InputStream.read([BII)I @ 40 c2
Event: 690.848 Thread 0x000001d99c144900 DEOPT PACKING pc=0x000001d945281360 sp=0x00000019a48ff030
Event: 690.848 Thread 0x000001d99c144900 DEOPT UNPACKING pc=0x000001d944626da2 sp=0x00000019a48fefb0 mode 2

Classes loaded (20 events):
Event: 22.727 Loading class com/sun/org/apache/xerces/internal/xni/parser/XMLParseException
Event: 22.728 Loading class com/sun/org/apache/xerces/internal/xni/parser/XMLParseException done
Event: 84.779 Loading class java/nio/BufferMismatch
Event: 84.779 Loading class java/nio/BufferMismatch done
Event: 305.280 Loading class java/util/stream/Nodes$CollectorTask$OfRef
Event: 305.280 Loading class java/util/stream/Nodes$CollectorTask
Event: 305.280 Loading class java/util/stream/Nodes$CollectorTask done
Event: 305.280 Loading class java/util/stream/Nodes$CollectorTask$OfRef done
Event: 305.281 Loading class java/util/function/LongFunction
Event: 305.281 Loading class java/util/function/LongFunction done
Event: 305.281 Loading class java/util/stream/Nodes$ConcNode
Event: 305.281 Loading class java/util/stream/Nodes$AbstractConcNode
Event: 305.281 Loading class java/util/stream/Nodes$AbstractConcNode done
Event: 305.281 Loading class java/util/stream/Nodes$ConcNode done
Event: 305.290 Loading class java/lang/Throwable$WrappedPrintWriter
Event: 305.290 Loading class java/lang/Throwable$PrintStreamOrWriter
Event: 305.290 Loading class java/lang/Throwable$PrintStreamOrWriter done
Event: 305.290 Loading class java/lang/Throwable$WrappedPrintWriter done
Event: 305.295 Loading class java/lang/Throwable$WrappedPrintStream
Event: 305.295 Loading class java/lang/Throwable$WrappedPrintStream done

Classes unloaded (7 events):
Event: 4.918 Thread 0x000001d939f579f0 Unloading class 0x000001d9521aa800 'java/lang/invoke/LambdaForm$MH+0x000001d9521aa800'
Event: 4.918 Thread 0x000001d939f579f0 Unloading class 0x000001d9521aa400 'java/lang/invoke/LambdaForm$MH+0x000001d9521aa400'
Event: 4.918 Thread 0x000001d939f579f0 Unloading class 0x000001d9521aa000 'java/lang/invoke/LambdaForm$MH+0x000001d9521aa000'
Event: 4.918 Thread 0x000001d939f579f0 Unloading class 0x000001d9521a9c00 'java/lang/invoke/LambdaForm$MH+0x000001d9521a9c00'
Event: 4.918 Thread 0x000001d939f579f0 Unloading class 0x000001d9521a9800 'java/lang/invoke/LambdaForm$BMH+0x000001d9521a9800'
Event: 4.918 Thread 0x000001d939f579f0 Unloading class 0x000001d9521a9400 'java/lang/invoke/LambdaForm$DMH+0x000001d9521a9400'
Event: 4.918 Thread 0x000001d939f579f0 Unloading class 0x000001d9521a8000 'java/lang/invoke/LambdaForm$DMH+0x000001d9521a8000'

Classes redefined (0 events):
No events

Internal exceptions (20 events):
Event: 22.874 Thread 0x000001d998772b80 Exception <a 'java/lang/NullPointerException'{0x00000000d60e7a58}> (0x00000000d60e7a58) 
thrown [s\src\hotspot\share\interpreter\linkResolver.cpp, line 1372]
Event: 22.874 Thread 0x000001d998772b80 Exception <a 'java/lang/NullPointerException'{0x00000000d60eb5d8}> (0x00000000d60eb5d8) 
thrown [s\src\hotspot\share\interpreter\linkResolver.cpp, line 1372]
Event: 22.874 Thread 0x000001d998772b80 Exception <a 'java/lang/NullPointerException'{0x00000000d60ec428}> (0x00000000d60ec428) 
thrown [s\src\hotspot\share\interpreter\linkResolver.cpp, line 1372]
Event: 22.874 Thread 0x000001d998772b80 Exception <a 'java/lang/NullPointerException'{0x00000000d60ed090}> (0x00000000d60ed090) 
thrown [s\src\hotspot\share\interpreter\linkResolver.cpp, line 1372]
Event: 22.875 Thread 0x000001d998772b80 Exception <a 'java/lang/NullPointerException'{0x00000000d60edf40}> (0x00000000d60edf40) 
thrown [s\src\hotspot\share\interpreter\linkResolver.cpp, line 1372]
Event: 84.762 Thread 0x000001d998772b80 Exception <a 'java/lang/NoSuchMethodError'{0x00000000d5c12128}: 'int java.lang.invoke.DirectMethodHandle$Holder.invokeStatic(java.lang.Object, java.lang.Object, java.lang.Object, java.lang.Object, java.lang.Object, java.lang.Object)'> (0x00000000d5c12128) 
thrown [s\src\hotspot\share\interpreter\linkResolver.cpp, line 773]
Event: 305.288 Thread 0x000001d99c144900 Exception <a 'java/io/IOException'{0x00000000d5ff28f0}> (0x00000000d5ff28f0) 
thrown [s\src\hotspot\share\prims\jni.cpp, line 520]
Event: 305.288 Thread 0x000001d99c144900 Exception <a 'java/io/IOException'{0x00000000d5ff2c10}> (0x00000000d5ff2c10) 
thrown [s\src\hotspot\share\prims\jni.cpp, line 520]
Event: 305.288 Thread 0x000001d99c144900 Exception <a 'java/io/IOException'{0x00000000d5ff2f30}> (0x00000000d5ff2f30) 
thrown [s\src\hotspot\share\prims\jni.cpp, line 520]
Event: 305.295 Thread 0x000001d99c144900 Exception <a 'java/io/IOException'{0x00000000d6029ce8}> (0x00000000d6029ce8) 
thrown [s\src\hotspot\share\prims\jni.cpp, line 520]
Event: 305.303 Thread 0x000001d99c144900 Exception <a 'java/lang/NoSuchMethodError'{0x00000000d60d1828}: static [J.<clinit>()V> (0x00000000d60d1828) 
thrown [s\src\hotspot\share\prims\jni.cpp, line 1111]
Event: 305.303 Thread 0x000001d99c144900 Exception <a 'java/io/IOException'{0x00000000d60d2130}> (0x00000000d60d2130) 
thrown [s\src\hotspot\share\prims\jni.cpp, line 520]
Event: 305.309 Thread 0x000001d99c144900 Exception <a 'java/io/IOException'{0x00000000d60f8a90}> (0x00000000d60f8a90) 
thrown [s\src\hotspot\share\prims\jni.cpp, line 520]
Event: 305.309 Thread 0x000001d99c144900 Exception <a 'java/io/IOException'{0x00000000d60f8db0}> (0x00000000d60f8db0) 
thrown [s\src\hotspot\share\prims\jni.cpp, line 520]
Event: 305.309 Thread 0x000001d99c144900 Exception <a 'java/io/IOException'{0x00000000d60f9100}: Stream Closed> (0x00000000d60f9100) 
thrown [s\src\hotspot\share\prims\jni.cpp, line 539]
Event: 305.309 Thread 0x000001d99c144900 Exception <a 'java/io/IOException'{0x00000000d60f9410}: Stream Closed> (0x00000000d60f9410) 
thrown [s\src\hotspot\share\prims\jni.cpp, line 539]
Event: 305.311 Thread 0x000001d99c144900 Exception <a 'java/io/IOException'{0x00000000d610d920}> (0x00000000d610d920) 
thrown [s\src\hotspot\share\prims\jni.cpp, line 520]
Event: 690.834 Thread 0x000001d99c144900 Exception <a 'sun/nio/fs/WindowsException'{0x00000000d568d0c0}> (0x00000000d568d0c0) 
thrown [s\src\hotspot\share\prims\jni.cpp, line 520]
Event: 690.834 Thread 0x000001d99c144900 Exception <a 'sun/nio/fs/WindowsException'{0x00000000d568d9a0}> (0x00000000d568d9a0) 
thrown [s\src\hotspot\share\prims\jni.cpp, line 520]
Event: 690.834 Thread 0x000001d99c144900 Implicit null exception at 0x000001d94536d086 to 0x000001d94536d324

ZGC Phase Switch (0 events):
No events

VM Operations (20 events):
Event: 4149.218 Executing VM operation: HandshakeAllThreads (HandshakeForDeflation)
Event: 4149.218 Executing VM operation: HandshakeAllThreads (HandshakeForDeflation) done
Event: 4149.218 Executing VM operation: RendezvousGCThreads
Event: 4149.218 Executing VM operation: RendezvousGCThreads done
Event: 4209.353 Executing VM operation: HandshakeAllThreads (HandshakeForDeflation)
Event: 4209.354 Executing VM operation: HandshakeAllThreads (HandshakeForDeflation) done
Event: 4209.354 Executing VM operation: RendezvousGCThreads
Event: 4209.354 Executing VM operation: RendezvousGCThreads done
Event: 4329.559 Executing VM operation: HandshakeAllThreads (HandshakeForDeflation)
Event: 4329.559 Executing VM operation: HandshakeAllThreads (HandshakeForDeflation) done
Event: 4329.559 Executing VM operation: RendezvousGCThreads
Event: 4329.559 Executing VM operation: RendezvousGCThreads done
Event: 4449.845 Executing VM operation: HandshakeAllThreads (HandshakeForDeflation)
Event: 4449.846 Executing VM operation: HandshakeAllThreads (HandshakeForDeflation) done
Event: 4449.846 Executing VM operation: RendezvousGCThreads
Event: 4449.846 Executing VM operation: RendezvousGCThreads done
Event: 4509.927 Executing VM operation: HandshakeAllThreads (HandshakeForDeflation)
Event: 4509.927 Executing VM operation: HandshakeAllThreads (HandshakeForDeflation) done
Event: 4509.927 Executing VM operation: RendezvousGCThreads
Event: 4509.927 Executing VM operation: RendezvousGCThreads done

Memory protections (0 events):
No events

Nmethod flushes (20 events):
Event: 13.725 Thread 0x000001d939f579f0 flushing  nmethod 0x000001d93d911390
Event: 13.725 Thread 0x000001d939f579f0 flushing  nmethod 0x000001d93d913f10
Event: 13.725 Thread 0x000001d939f579f0 flushing  nmethod 0x000001d93d914710
Event: 13.725 Thread 0x000001d939f579f0 flushing  nmethod 0x000001d93d940510
Event: 13.725 Thread 0x000001d939f579f0 flushing osr nmethod 0x000001d93d98c690
Event: 13.725 Thread 0x000001d939f579f0 flushing  nmethod 0x000001d93d994410
Event: 13.725 Thread 0x000001d939f579f0 flushing  nmethod 0x000001d93d9b3390
Event: 13.725 Thread 0x000001d939f579f0 flushing  nmethod 0x000001d93d9be190
Event: 13.725 Thread 0x000001d939f579f0 flushing  nmethod 0x000001d93d9c3e10
Event: 13.725 Thread 0x000001d939f579f0 flushing  nmethod 0x000001d93d9c4190
Event: 13.725 Thread 0x000001d939f579f0 flushing  nmethod 0x000001d93d9c5210
Event: 13.725 Thread 0x000001d939f579f0 flushing  nmethod 0x000001d93d9c5810
Event: 13.725 Thread 0x000001d939f579f0 flushing  nmethod 0x000001d93d9d0d10
Event: 13.725 Thread 0x000001d939f579f0 flushing  nmethod 0x000001d93d9dce10
Event: 13.725 Thread 0x000001d939f579f0 flushing  nmethod 0x000001d93d9f8e10
Event: 13.725 Thread 0x000001d939f579f0 flushing  nmethod 0x000001d93da07010
Event: 13.725 Thread 0x000001d939f579f0 flushing  nmethod 0x000001d93da18590
Event: 13.725 Thread 0x000001d939f579f0 flushing  nmethod 0x000001d93da1ba90
Event: 13.725 Thread 0x000001d939f579f0 flushing  nmethod 0x000001d93da1c590
Event: 13.725 Thread 0x000001d939f579f0 flushing  nmethod 0x000001d93da1f490

Events (20 events):
Event: 322.152 Thread 0x000001d99c54e8d0 Thread exited: 0x000001d99c54e8d0
Event: 322.213 Thread 0x000001d99c54ce90 Thread exited: 0x000001d99c54ce90
Event: 322.280 Thread 0x000001d99c54e240 Thread exited: 0x000001d99c54e240
Event: 322.311 Thread 0x000001d99c54c170 Thread exited: 0x000001d99c54c170
Event: 322.327 Thread 0x000001d99c54d520 Thread exited: 0x000001d99c54d520
Event: 379.107 Thread 0x000001d99c142ec0 Thread exited: 0x000001d99c142ec0
Event: 381.215 Thread 0x000001d99a7d1d20 Thread exited: 0x000001d99a7d1d20
Event: 397.498 Thread 0x000001d939e3bfc0 Thread added: 0x000001d99c7ad290
Event: 401.179 Thread 0x000001d99c7ad290 Thread exited: 0x000001d99c7ad290
Event: 401.305 Thread 0x000001d939e3bfc0 Thread added: 0x000001d99c7ae030
Event: 406.378 Thread 0x000001d99c7ae030 Thread exited: 0x000001d99c7ae030
Event: 439.119 Thread 0x000001d99c13f3b0 Thread exited: 0x000001d99c13f3b0
Event: 441.230 Thread 0x000001d99a7cb420 Thread exited: 0x000001d99a7cb420
Event: 501.233 Thread 0x000001d99a7cad90 Thread exited: 0x000001d99a7cad90
Event: 690.832 Thread 0x000001d99c144900 Thread added: 0x000001d99c143be0
Event: 690.833 Thread 0x000001d99c143be0 Thread exited: 0x000001d99c143be0
Event: 690.836 Thread 0x000001d99c144900 Thread added: 0x000001d99c141b10
Event: 690.837 Thread 0x000001d99c141b10 Thread exited: 0x000001d99c141b10
Event: 690.839 Thread 0x000001d939e3e8d0 Thread added: 0x000001d99c7b16b0
Event: 695.999 Thread 0x000001d99c7b16b0 Thread exited: 0x000001d99c7b16b0


Dynamic libraries:
0x00007ff651900000 - 0x00007ff65190e000 	c:\Users\Hbiri\.vscode\extensions\redhat.java-1.47.0-win32-x64\jre\21.0.8-win32-x86_64\bin\java.exe
0x00007ffc5c830000 - 0x00007ffc5ca47000 	C:\WINDOWS\SYSTEM32\ntdll.dll
0x00007ffc0f760000 - 0x00007ffc0f780000 	C:\Program Files\Avast Software\Avast\aswhook.dll
0x00007ffc5ac90000 - 0x00007ffc5ad54000 	C:\WINDOWS\System32\KERNEL32.DLL
0x00007ffc59920000 - 0x00007ffc59cf2000 	C:\WINDOWS\System32\KERNELBASE.dll
0x00007ffc5a3a0000 - 0x00007ffc5a4b1000 	C:\WINDOWS\System32\ucrtbase.dll
0x00007ffc13820000 - 0x00007ffc13838000 	c:\Users\Hbiri\.vscode\extensions\redhat.java-1.47.0-win32-x64\jre\21.0.8-win32-x86_64\bin\jli.dll
0x00007ffc0a100000 - 0x00007ffc0a11e000 	c:\Users\Hbiri\.vscode\extensions\redhat.java-1.47.0-win32-x64\jre\21.0.8-win32-x86_64\bin\VCRUNTIME140.dll
0x00007ffc5c280000 - 0x00007ffc5c431000 	C:\WINDOWS\System32\USER32.dll
0x00007ffc59e90000 - 0x00007ffc59eb6000 	C:\WINDOWS\System32\win32u.dll
0x00007ffc3f340000 - 0x00007ffc3f5db000 	C:\WINDOWS\WinSxS\amd64_microsoft.windows.common-controls_6595b64144ccf1df_6.0.22621.5547_none_27104afb73855772\COMCTL32.dll
0x00007ffc5a4c0000 - 0x00007ffc5a4e9000 	C:\WINDOWS\System32\GDI32.dll
0x00007ffc5aac0000 - 0x00007ffc5ab67000 	C:\WINDOWS\System32\msvcrt.dll
0x00007ffc5a130000 - 0x00007ffc5a253000 	C:\WINDOWS\System32\gdi32full.dll
0x00007ffc59df0000 - 0x00007ffc59e8a000 	C:\WINDOWS\System32\msvcp_win.dll
0x00007ffc5a990000 - 0x00007ffc5a9c1000 	C:\WINDOWS\System32\IMM32.DLL
0x00007ffc18580000 - 0x00007ffc1858c000 	c:\Users\Hbiri\.vscode\extensions\redhat.java-1.47.0-win32-x64\jre\21.0.8-win32-x86_64\bin\vcruntime140_1.dll
0x00007ffbf36c0000 - 0x00007ffbf374d000 	c:\Users\Hbiri\.vscode\extensions\redhat.java-1.47.0-win32-x64\jre\21.0.8-win32-x86_64\bin\msvcp140.dll
0x00007ffbb9f10000 - 0x00007ffbbaca7000 	c:\Users\Hbiri\.vscode\extensions\redhat.java-1.47.0-win32-x64\jre\21.0.8-win32-x86_64\bin\server\jvm.dll
0x00007ffc5c440000 - 0x00007ffc5c4f1000 	C:\WINDOWS\System32\ADVAPI32.dll
0x00007ffc5c500000 - 0x00007ffc5c5a8000 	C:\WINDOWS\System32\sechost.dll
0x00007ffc59dc0000 - 0x00007ffc59de8000 	C:\WINDOWS\System32\bcrypt.dll
0x00007ffc5ab70000 - 0x00007ffc5ac84000 	C:\WINDOWS\System32\RPCRT4.dll
0x00007ffc5a4f0000 - 0x00007ffc5a561000 	C:\WINDOWS\System32\WS2_32.dll
0x00007ffc587a0000 - 0x00007ffc587ed000 	C:\WINDOWS\SYSTEM32\POWRPROF.dll
0x00007ffc4c8a0000 - 0x00007ffc4c8aa000 	C:\WINDOWS\SYSTEM32\VERSION.dll
0x00007ffc4fa00000 - 0x00007ffc4fa34000 	C:\WINDOWS\SYSTEM32\WINMM.dll
0x00007ffc58760000 - 0x00007ffc58773000 	C:\WINDOWS\SYSTEM32\UMPDC.dll
0x00007ffc58a40000 - 0x00007ffc58a58000 	C:\WINDOWS\SYSTEM32\kernel.appcore.dll
0x00007ffc17390000 - 0x00007ffc1739a000 	c:\Users\Hbiri\.vscode\extensions\redhat.java-1.47.0-win32-x64\jre\21.0.8-win32-x86_64\bin\jimage.dll
0x00007ffc56e80000 - 0x00007ffc570b3000 	C:\WINDOWS\SYSTEM32\DBGHELP.DLL
0x00007ffc5b410000 - 0x00007ffc5b7a3000 	C:\WINDOWS\System32\combase.dll
0x00007ffc5a7a0000 - 0x00007ffc5a877000 	C:\WINDOWS\System32\OLEAUT32.dll
0x00007ffc4c5f0000 - 0x00007ffc4c622000 	C:\WINDOWS\SYSTEM32\dbgcore.DLL
0x00007ffc5a0b0000 - 0x00007ffc5a12b000 	C:\WINDOWS\System32\bcryptPrimitives.dll
0x00007ffc13a50000 - 0x00007ffc13a5f000 	c:\Users\Hbiri\.vscode\extensions\redhat.java-1.47.0-win32-x64\jre\21.0.8-win32-x86_64\bin\instrument.dll
0x00007ffc09ed0000 - 0x00007ffc09eef000 	c:\Users\Hbiri\.vscode\extensions\redhat.java-1.47.0-win32-x64\jre\21.0.8-win32-x86_64\bin\java.dll
0x00007ffc5b920000 - 0x00007ffc5c1c2000 	C:\WINDOWS\System32\SHELL32.dll
0x00007ffc5a260000 - 0x00007ffc5a39f000 	C:\WINDOWS\System32\wintypes.dll
0x00007ffc57800000 - 0x00007ffc5811d000 	C:\WINDOWS\SYSTEM32\windows.storage.dll
0x00007ffc5c5d0000 - 0x00007ffc5c6dc000 	C:\WINDOWS\System32\SHCORE.dll
0x00007ffc5a9d0000 - 0x00007ffc5aa39000 	C:\WINDOWS\System32\shlwapi.dll
0x00007ffc59850000 - 0x00007ffc5987b000 	C:\WINDOWS\SYSTEM32\profapi.dll
0x00007ffc0a0d0000 - 0x00007ffc0a0e8000 	c:\Users\Hbiri\.vscode\extensions\redhat.java-1.47.0-win32-x64\jre\21.0.8-win32-x86_64\bin\zip.dll
0x00007ffc12030000 - 0x00007ffc12040000 	C:\Users\Hbiri\.vscode\extensions\redhat.java-1.47.0-win32-x64\jre\21.0.8-win32-x86_64\bin\net.dll
0x00007ffc52f10000 - 0x00007ffc5303c000 	C:\WINDOWS\SYSTEM32\WINHTTP.dll
0x00007ffc58ec0000 - 0x00007ffc58f29000 	C:\WINDOWS\system32\mswsock.dll
0x00007ffc095b0000 - 0x00007ffc095c6000 	C:\Users\Hbiri\.vscode\extensions\redhat.java-1.47.0-win32-x64\jre\21.0.8-win32-x86_64\bin\nio.dll
0x00007ffc11ff0000 - 0x00007ffc12000000 	c:\Users\Hbiri\.vscode\extensions\redhat.java-1.47.0-win32-x64\jre\21.0.8-win32-x86_64\bin\verify.dll
0x00007ffc0cbb0000 - 0x00007ffc0cbf4000 	C:\Users\Hbiri\AppData\Roaming\Code\User\globalStorage\redhat.java\1.47.0\config_win\org.eclipse.equinox.launcher\org.eclipse.equinox.launcher.win32.win32.x86_64_1.2.1400.v20250801-0854\eclipse_11916.dll
0x00007ffc5ad60000 - 0x00007ffc5af00000 	C:\WINDOWS\System32\ole32.dll
0x00007ffc59110000 - 0x00007ffc5912b000 	C:\WINDOWS\SYSTEM32\CRYPTSP.dll
0x00007ffc589a0000 - 0x00007ffc589d7000 	C:\WINDOWS\system32\rsaenh.dll
0x00007ffc58fb0000 - 0x00007ffc58fd8000 	C:\WINDOWS\SYSTEM32\USERENV.dll
0x00007ffc59130000 - 0x00007ffc5913c000 	C:\WINDOWS\SYSTEM32\CRYPTBASE.dll
0x00007ffc58410000 - 0x00007ffc5843d000 	C:\WINDOWS\SYSTEM32\IPHLPAPI.DLL
0x00007ffc5aab0000 - 0x00007ffc5aab9000 	C:\WINDOWS\System32\NSI.dll
0x00007ffbfa7d0000 - 0x00007ffbfa819000 	D:\TEMP\jna-69517574\jna7435073058757450087.dll
0x00007ffc5a790000 - 0x00007ffc5a798000 	C:\WINDOWS\System32\PSAPI.DLL
0x00007ffc50630000 - 0x00007ffc50649000 	C:\WINDOWS\SYSTEM32\dhcpcsvc6.DLL
0x00007ffc501e0000 - 0x00007ffc501ff000 	C:\WINDOWS\SYSTEM32\dhcpcsvc.DLL

JVMTI agents:
c:\Users\Hbiri\.vscode\extensions\redhat.java-1.47.0-win32-x64\lombok\lombok-1.18.39-4050.jar path:c:\Users\Hbiri\.vscode\extensions\redhat.java-1.47.0-win32-x64\jre\21.0.8-win32-x86_64\bin\instrument.dll, loaded, initialized, instrumentlib options:none

dbghelp: loaded successfully - version: 4.0.5 - missing functions: none
symbol engine: initialized successfully - sym options: 0x614 - pdb path: .;c:\Users\Hbiri\.vscode\extensions\redhat.java-1.47.0-win32-x64\jre\21.0.8-win32-x86_64\bin;C:\WINDOWS\SYSTEM32;C:\Program Files\Avast Software\Avast;C:\WINDOWS\WinSxS\amd64_microsoft.windows.common-controls_6595b64144ccf1df_6.0.22621.5547_none_27104afb73855772;c:\Users\Hbiri\.vscode\extensions\redhat.java-1.47.0-win32-x64\jre\21.0.8-win32-x86_64\bin\server;C:\Users\Hbiri\AppData\Roaming\Code\User\globalStorage\redhat.java\1.47.0\config_win\org.eclipse.equinox.launcher\org.eclipse.equinox.launcher.win32.win32.x86_64_1.2.1400.v20250801-0854;D:\TEMP\jna-69517574

VM Arguments:
jvm_args: --add-modules=ALL-SYSTEM --add-opens=java.base/java.util=ALL-UNNAMED --add-opens=java.base/java.lang=ALL-UNNAMED --add-opens=java.base/sun.nio.fs=ALL-UNNAMED -Declipse.application=org.eclipse.jdt.ls.core.id1 -Dosgi.bundles.defaultStartLevel=4 -Declipse.product=org.eclipse.jdt.ls.core.product -Djava.import.generatesMetadataFilesAtProjectRoot=false -DDetectVMInstallationsJob.disabled=true -Dfile.encoding=utf8 -XX:+UseParallelGC -XX:GCTimeRatio=4 -XX:AdaptiveSizePolicyWeight=90 -Dsun.zip.disableMemoryMapping=true -Xmx2G -Xms100m -Xlog:disable -javaagent:c:\Users\Hbiri\.vscode\extensions\redhat.java-1.47.0-win32-x64\lombok\lombok-1.18.39-4050.jar -XX:+HeapDumpOnOutOfMemoryError -XX:HeapDumpPath=c:\Users\Hbiri\AppData\Roaming\Code\User\workspaceStorage\a979efed059e8e7347d3462cc110f0cb\redhat.java -Daether.dependencyCollector.impl=bf 
java_command: c:\Users\Hbiri\.vscode\extensions\redhat.java-1.47.0-win32-x64\server\plugins\org.eclipse.equinox.launcher_1.7.100.v20251014-1222.jar -configuration c:\Users\Hbiri\AppData\Roaming\Code\User\globalStorage\redhat.java\1.47.0\config_win -data c:\Users\Hbiri\AppData\Roaming\Code\User\workspaceStorage\a979efed059e8e7347d3462cc110f0cb\redhat.java\jdt_ws --pipe=\\.\pipe\lsp-f17af6c8b6f5bc2e678efe79413be9f3-sock
java_class_path (initial): c:\Users\Hbiri\.vscode\extensions\redhat.java-1.47.0-win32-x64\server\plugins\org.eclipse.equinox.launcher_1.7.100.v20251014-1222.jar
Launcher Type: SUN_STANDARD

[Global flags]
    uintx AdaptiveSizePolicyWeight                 = 90                                        {product} {command line}
     intx CICompilerCount                          = 4                                         {product} {ergonomic}
    uintx GCTimeRatio                              = 4                                         {product} {command line}
     bool HeapDumpOnOutOfMemoryError               = true                                   {manageable} {command line}
    ccstr HeapDumpPath                             = c:\Users\Hbiri\AppData\Roaming\Code\User\workspaceStorage\a979efed059e8e7347d3462cc110f0cb\redhat.java         {manageable} {command line}
   size_t InitialHeapSize                          = 104857600                                 {product} {command line}
   size_t MaxHeapSize                              = 2147483648                                {product} {command line}
   size_t MaxNewSize                               = 715653120                                 {product} {ergonomic}
   size_t MinHeapDeltaBytes                        = 524288                                    {product} {ergonomic}
   size_t MinHeapSize                              = 104857600                                 {product} {command line}
   size_t NewSize                                  = 34603008                                  {product} {ergonomic}
    uintx NonNMethodCodeHeapSize                   = 5839372                                {pd product} {ergonomic}
    uintx NonProfiledCodeHeapSize                  = 122909434                              {pd product} {ergonomic}
   size_t OldSize                                  = 70254592                                  {product} {ergonomic}
    uintx ProfiledCodeHeapSize                     = 122909434                              {pd product} {ergonomic}
    uintx ReservedCodeCacheSize                    = 251658240                              {pd product} {ergonomic}
     bool SegmentedCodeCache                       = true                                      {product} {ergonomic}
   size_t SoftMaxHeapSize                          = 2147483648                             {manageable} {ergonomic}
     bool UseCompressedOops                        = true                           {product lp64_product} {ergonomic}
     bool UseLargePagesIndividualAllocation        = false                                  {pd product} {ergonomic}
     bool UseParallelGC                            = true                                      {product} {command line}

Logging:
Log output configuration:
 #0: stdout all=off uptime,level,tags foldmultilines=false
 #1: stderr all=off uptime,level,tags foldmultilines=false

Environment Variables:
JAVA_HOME=D:\Program Files\Java\jdk-17
PATH=D:\Program Files\Java\jdk-17\bin;C:\Users\Hbiri\Downloads\WINDOWS.X64_193000_db_home\bin;C:\oraclexe\app\oracle\product\10.2.0\server\bin;C:\Windows\system32;C:\Windows;C:\Windows\System32\Wbem;C:\Windows\System32\WindowsPowerShell\v1.0\;C:\Windows\System32\OpenSSH\;C:\Program Files (x86)\NVIDIA Corporation\PhysX\Common;C:\src\dart-sdk\bin\dart.exe;C:\src\flutter\bin;D:\Program Files\Java\jdk-17\bin;C:\WINDOWS\system32;C:\WINDOWS;C:\WINDOWS\System32\Wbem;C:\WINDOWS\System32\WindowsPowerShell\v1.0\;C:\WINDOWS\System32\OpenSSH\;C:\Program Files\MySQL\MySQL Shell 8.0\bin\;C:\Users\Hbiri\AppData\Local\Microsoft\WindowsApps;C:\Users\Hbiri\AppData\Local\Programs\Microsoft VS Code\bin;C:\Users\Hbiri\AppData\Roaming\npm;C:\Users\Hbiri\AppData\Roaming\npm;C:\Windows\System32;C:\adb;C:\Gradle\gradle-8.3\bin;C:\Users\Hbiri\AppData\Roaming\Microsoft\Windows\Start Menu\Programs\Python 3.11;C:\Program Files\Git\cmd;C:\Program Files\PuTTY\;C:\Program Files\nodejs\;D:\mongodb-win32-x86_64-windows-8.0.4\mongosh-2.3.9-win32-x64\bin;C:\Users\Hbiri\Downloads\mongodb-database-tools-windows-x86_64-100.11.0\mongodb-database-tools-windows-x86_64-100.11.0\bin;C:\Program Files (x86)\Tools;C:\Users\Hbiri\Miniconda3;C:\Users\Hbiri\Miniconda3\Scripts;C:\Users\Hbiri\Miniconda3\Library\bin;C:\Users\Hbiri\AppData\Local\Programs\Python\Python311;C:\Users\Hbiri\AppData\Local\Programs\Python\Python311\Scripts;C:\Program Files\NVIDIA Corporation\NVIDIA App\NvDLISR;C:\Program Files\CMake\bin;C:\Users\Hbiri\AppData\Roaming\npm;C:\Program Files (x86)\Microsoft SQL Server\160\DTS\Binn\;C:\Program Files (x86)\Microsoft SQL Server\160\Tools\Binn\;C:\Program Files\Microsoft SQL Server\160\Tools\Binn\;C:\Program Files\Microsoft SQL Server\Client SDK\ODBC\170\Tools\Binn\;C:\Program Files\Microsoft SQL Server\160\DTS\Binn\;C:\Program Files\Docker\Docker\resources\bin;C:\Users\Hbiri\.console-ninja\.bin;C:\Program Files\MySQL\MySQL Shell 8.0\bin\;C:\Users\Hbiri\AppData\Local\Microsoft\WindowsApps;C:\Users\Hbiri\AppData\Local\Programs\Microsoft VS Code\bin;C:\Users\Hbiri\AppData\Roaming\npm;C:\Windows\System32;D:\Program Files\Java\jdk-17\bin;C:\Users\Hbiri\AppData\Local\Pub\Cache\bin;C:\Users\Hbiri\Downloads\protoc-26.1-win64\bin;D:\mongodb-win32-x86_64-windows-8.0.4\mongosh-2.3.9-win32-x64\bin;D:\Program Files\Java\jdk-17\bin;C:\Users\Hbiri\AppData\Roaming\npm;
USERNAME=Hbiri
OS=Windows_NT
PROCESSOR_IDENTIFIER=Intel64 Family 6 Model 140 Stepping 1, GenuineIntel
TMP=D:\TEMP
TEMP=D:\TEMP




Periodic native trim disabled

---------------  S Y S T E M  ---------------

OS:
 Windows 11 , 64 bit Build 22621 (10.0.22621.5415)
OS uptime: 0 days 1:58 hours
Hyper-V role detected

CPU: total 8 (initial active 8) (4 cores per cpu, 2 threads per core) family 6 model 140 stepping 1 microcode 0x86, cx8, cmov, fxsr, ht, mmx, 3dnowpref, sse, sse2, sse3, ssse3, sse4.1, sse4.2, popcnt, lzcnt, tsc, tscinvbit, avx, avx2, aes, erms, clmul, bmi1, bmi2, adx, avx512f, avx512dq, avx512cd, avx512bw, avx512vl, sha, fma, vzeroupper, avx512_vpopcntdq, avx512_vpclmulqdq, avx512_vaes, avx512_vnni, clflush, clflushopt, clwb, avx512_vbmi2, avx512_vbmi, hv, rdtscp, rdpid, fsrm, gfni, avx512_bitalg, f16c, cet_ibt, cet_ss, avx512_ifma
Processor Information for the first 8 processors :
  Max Mhz: 2803, Current Mhz: 2803, Mhz Limit: 2803

Memory: 4k page, system-wide physical 16078M (1389M free)
TotalPageFile size 24023M (AvailPageFile size 137M)
current process WorkingSet (physical memory assigned to process): 174M, peak: 946M
current process commit charge ("private bytes"): 877M, peak: 901M

vm_info: OpenJDK 64-Bit Server VM (21.0.8+9-LTS) for windows-amd64 JRE (21.0.8+9-LTS), built on 2025-07-15T00:00:00Z by "admin" with MS VC++ 17.7 (VS2022)

END.
